Archive member included to satisfy reference by file (symbol)

/Users/isaiah.beckermayer/Library/Application Support/Cursor/User/globalStorage/bmd.stm32-for-vscode/@xpack-dev-tools/arm-none-eabi-gcc/13.2.1-1.1.1/.content/bin/../lib/gcc/arm-none-eabi/13.2.1/../../../../arm-none-eabi/lib/thumb/v7e-m+dp/hard/libc_nano.a(libc_a-atexit.o)
                              /Users/isaiah.beckermayer/Library/Application Support/Cursor/User/globalStorage/bmd.stm32-for-vscode/@xpack-dev-tools/arm-none-eabi-gcc/13.2.1-1.1.1/.content/bin/../lib/gcc/arm-none-eabi/13.2.1/../../../../arm-none-eabi/lib/thumb/v7e-m+dp/hard/crt0.o (atexit)
/Users/isaiah.beckermayer/Library/Application Support/Cursor/User/globalStorage/bmd.stm32-for-vscode/@xpack-dev-tools/arm-none-eabi-gcc/13.2.1-1.1.1/.content/bin/../lib/gcc/arm-none-eabi/13.2.1/../../../../arm-none-eabi/lib/thumb/v7e-m+dp/hard/libc_nano.a(libc_a-exit.o)
                              /Users/isaiah.beckermayer/Library/Application Support/Cursor/User/globalStorage/bmd.stm32-for-vscode/@xpack-dev-tools/arm-none-eabi-gcc/13.2.1-1.1.1/.content/bin/../lib/gcc/arm-none-eabi/13.2.1/../../../../arm-none-eabi/lib/thumb/v7e-m+dp/hard/crt0.o (exit)
/Users/isaiah.beckermayer/Library/Application Support/Cursor/User/globalStorage/bmd.stm32-for-vscode/@xpack-dev-tools/arm-none-eabi-gcc/13.2.1-1.1.1/.content/bin/../lib/gcc/arm-none-eabi/13.2.1/../../../../arm-none-eabi/lib/thumb/v7e-m+dp/hard/libc_nano.a(libc_a-findfp.o)
                              /Users/isaiah.beckermayer/Library/Application Support/Cursor/User/globalStorage/bmd.stm32-for-vscode/@xpack-dev-tools/arm-none-eabi-gcc/13.2.1-1.1.1/.content/bin/../lib/gcc/arm-none-eabi/13.2.1/../../../../arm-none-eabi/lib/thumb/v7e-m+dp/hard/libc_nano.a(libc_a-exit.o) (__stdio_exit_handler)
/Users/isaiah.beckermayer/Library/Application Support/Cursor/User/globalStorage/bmd.stm32-for-vscode/@xpack-dev-tools/arm-none-eabi-gcc/13.2.1-1.1.1/.content/bin/../lib/gcc/arm-none-eabi/13.2.1/../../../../arm-none-eabi/lib/thumb/v7e-m+dp/hard/libc_nano.a(libc_a-fwalk.o)
                              /Users/isaiah.beckermayer/Library/Application Support/Cursor/User/globalStorage/bmd.stm32-for-vscode/@xpack-dev-tools/arm-none-eabi-gcc/13.2.1-1.1.1/.content/bin/../lib/gcc/arm-none-eabi/13.2.1/../../../../arm-none-eabi/lib/thumb/v7e-m+dp/hard/libc_nano.a(libc_a-findfp.o) (_fwalk_sglue)
/Users/isaiah.beckermayer/Library/Application Support/Cursor/User/globalStorage/bmd.stm32-for-vscode/@xpack-dev-tools/arm-none-eabi-gcc/13.2.1-1.1.1/.content/bin/../lib/gcc/arm-none-eabi/13.2.1/../../../../arm-none-eabi/lib/thumb/v7e-m+dp/hard/libc_nano.a(libc_a-memset.o)
                              /Users/isaiah.beckermayer/Library/Application Support/Cursor/User/globalStorage/bmd.stm32-for-vscode/@xpack-dev-tools/arm-none-eabi-gcc/13.2.1-1.1.1/.content/bin/../lib/gcc/arm-none-eabi/13.2.1/../../../../arm-none-eabi/lib/thumb/v7e-m+dp/hard/crt0.o (memset)
/Users/isaiah.beckermayer/Library/Application Support/Cursor/User/globalStorage/bmd.stm32-for-vscode/@xpack-dev-tools/arm-none-eabi-gcc/13.2.1-1.1.1/.content/bin/../lib/gcc/arm-none-eabi/13.2.1/../../../../arm-none-eabi/lib/thumb/v7e-m+dp/hard/libc_nano.a(libc_a-impure.o)
                              /Users/isaiah.beckermayer/Library/Application Support/Cursor/User/globalStorage/bmd.stm32-for-vscode/@xpack-dev-tools/arm-none-eabi-gcc/13.2.1-1.1.1/.content/bin/../lib/gcc/arm-none-eabi/13.2.1/../../../../arm-none-eabi/lib/thumb/v7e-m+dp/hard/libc_nano.a(libc_a-findfp.o) (_impure_data)
/Users/isaiah.beckermayer/Library/Application Support/Cursor/User/globalStorage/bmd.stm32-for-vscode/@xpack-dev-tools/arm-none-eabi-gcc/13.2.1-1.1.1/.content/bin/../lib/gcc/arm-none-eabi/13.2.1/../../../../arm-none-eabi/lib/thumb/v7e-m+dp/hard/libc_nano.a(libc_a-errno.o)
                              build/syscalls.o (__errno)
/Users/isaiah.beckermayer/Library/Application Support/Cursor/User/globalStorage/bmd.stm32-for-vscode/@xpack-dev-tools/arm-none-eabi-gcc/13.2.1-1.1.1/.content/bin/../lib/gcc/arm-none-eabi/13.2.1/../../../../arm-none-eabi/lib/thumb/v7e-m+dp/hard/libc_nano.a(libc_a-init.o)
                              /Users/isaiah.beckermayer/Library/Application Support/Cursor/User/globalStorage/bmd.stm32-for-vscode/@xpack-dev-tools/arm-none-eabi-gcc/13.2.1-1.1.1/.content/bin/../lib/gcc/arm-none-eabi/13.2.1/../../../../arm-none-eabi/lib/thumb/v7e-m+dp/hard/crt0.o (__libc_init_array)
/Users/isaiah.beckermayer/Library/Application Support/Cursor/User/globalStorage/bmd.stm32-for-vscode/@xpack-dev-tools/arm-none-eabi-gcc/13.2.1-1.1.1/.content/bin/../lib/gcc/arm-none-eabi/13.2.1/../../../../arm-none-eabi/lib/thumb/v7e-m+dp/hard/libc_nano.a(libc_a-fini.o)
                              /Users/isaiah.beckermayer/Library/Application Support/Cursor/User/globalStorage/bmd.stm32-for-vscode/@xpack-dev-tools/arm-none-eabi-gcc/13.2.1-1.1.1/.content/bin/../lib/gcc/arm-none-eabi/13.2.1/../../../../arm-none-eabi/lib/thumb/v7e-m+dp/hard/crt0.o (__libc_fini_array)
[...]
Memory Configuration

Name             Origin             Length             Attributes
RAM              0x20000000         0x00080000         xrw
FLASH            0x08000000         0x00200000         xr
*default*        0x00000000         0xffffffff

Linker script and memory map

LOAD /Users/isaiah.beckermayer/Library/Application Support/Cursor/User/globalStorage/bmd.stm32-for-vscode/@xpack-dev-tools/arm-none-eabi-gcc/13.2.1-1.1.1/.content/bin/../lib/gcc/arm-none-eabi/13.2.1/thumb/v7e-m+dp/hard/crti.o
LOAD /Users/isaiah.beckermayer/Library/Application Support/Cursor/User/globalStorage/bmd.stm32-for-vscode/@xpack-dev-tools/arm-none-eabi-gcc/13.2.1-1.1.1/.content/bin/../lib/gcc/arm-none-eabi/13.2.1/thumb/v7e-m+dp/hard/crtbegin.o
LOAD /Users/isaiah.beckermayer/Library/Application Support/Cursor/User/globalStorage/bmd.stm32-for-vscode/@xpack-dev-tools/arm-none-eabi-gcc/13.2.1-1.1.1/.content/bin/../lib/gcc/arm-none-eabi/13.2.1/../../../../arm-none-eabi/lib/thumb/v7e-m+dp/hard/crt0.o
LOAD build/stm32f7xx_hal.o
LOAD build/stm32f7xx_hal_cortex.o
LOAD build/stm32f7xx_hal_dma.o
LOAD build/stm32f7xx_hal_dma_ex.o
LOAD build/stm32f7xx_hal_eth.o
LOAD build/stm32f7xx_hal_exti.o
LOAD build/stm32f7xx_hal_flash.o
LOAD build/stm32f7xx_hal_flash_ex.o
LOAD build/stm32f7xx_hal_gpio.o
LOAD build/stm32f7xx_hal_i2c.o
LOAD build/stm32f7xx_hal_i2c_ex.o
LOAD build/stm32f7xx_hal_pcd.o
LOAD build/stm32f7xx_hal_pcd_ex.o
LOAD build/stm32f7xx_hal_pwr.o
LOAD build/stm32f7xx_hal_pwr_ex.o
LOAD build/stm32f7xx_hal_rcc.o
LOAD build/stm32f7xx_hal_rcc_ex.o
LOAD build/stm32f7xx_hal_tim.o
LOAD build/stm32f7xx_hal_tim_ex.o
LOAD build/stm32f7xx_hal_uart.o
LOAD build/stm32f7xx_hal_uart_ex.o
LOAD build/stm32f7xx_ll_usb.o
LOAD build/main.o
LOAD build/stm32f7xx_hal_msp.o
LOAD build/stm32f7xx_it.o
LOAD build/syscalls.o
LOAD build/sysmem.o
LOAD build/system_stm32f7xx.o
LOAD build/startup_stm32f767xx.o
LOAD /Users/isaiah.beckermayer/Library/Application Support/Cursor/User/globalStorage/bmd.stm32-for-vscode/@xpack-dev-tools/arm-none-eabi-gcc/13.2.1-1.1.1/.content/bin/../lib/gcc/arm-none-eabi/13.2.1/../../../../arm-none-eabi/lib/thumb/v7e-m+dp/hard/libc_nano.a
LOAD /Users/isaiah.beckermayer/Library/Application Support/Cursor/User/globalStorage/bmd.stm32-for-vscode/@xpack-dev-tools/arm-none-eabi-gcc/13.2.1-1.1.1/.content/bin/../lib/gcc/arm-none-eabi/13.2.1/../../../../arm-none-eabi/lib/thumb/v7e-m+dp/hard/libm.a
LOAD /Users/isaiah.beckermayer/Library/Application Support/Cursor/User/globalStorage/bmd.stm32-for-vscode/@xpack-dev-tools/arm-none-eabi-gcc/13.2.1-1.1.1/.content/bin/../lib/gcc/arm-none-eabi/13.2.1/../../../../arm-none-eabi/lib/thumb/v7e-m+dp/hard/libnosys.a
START GROUP
LOAD /Users/isaiah.beckermayer/Library/Application Support/Cursor/User/globalStorage/bmd.stm32-for-vscode/@xpack-dev-tools/arm-none-eabi-gcc/13.2.1-1.1.1/.content/bin/../lib/gcc/arm-none-eabi/13.2.1/thumb/v7e-m+dp/hard/libgcc.a
LOAD /Users/isaiah.beckermayer/Library/Application Support/Cursor/User/globalStorage/bmd.stm32-for-vscode/@xpack-dev-tools/arm-none-eabi-gcc/13.2.1-1.1.1/.content/bin/../lib/gcc/arm-none-eabi/13.2.1/../../../../arm-none-eabi/lib/thumb/v7e-m+dp/hard/libc_nano.a
END GROUP
START GROUP
LOAD /Users/isaiah.beckermayer/Library/Application Support/Cursor/User/globalStorage/bmd.stm32-for-vscode/@xpack-dev-tools/arm-none-eabi-gcc/13.2.1-1.1.1/.content/bin/../lib/gcc/arm-none-eabi/13.2.1/thumb/v7e-m+dp/hard/libgcc.a
LOAD /Users/isaiah.beckermayer/Library/Application Support/Cursor/User/globalStorage/bmd.stm32-for-vscode/@xpack-dev-tools/arm-none-eabi-gcc/13.2.1-1.1.1/.content/bin/../lib/gcc/arm-none-eabi/13.2.1/../../../../arm-none-eabi/lib/thumb/v7e-m+dp/hard/libc_nano.a
END GROUP
LOAD /Users/isaiah.beckermayer/Library/Application Support/Cursor/User/globalStorage/bmd.stm32-for-vscode/@xpack-dev-tools/arm-none-eabi-gcc/13.2.1-1.1.1/.content/bin/../lib/gcc/arm-none-eabi/13.2.1/thumb/v7e-m+dp/hard/crtend.o
LOAD /Users/isaiah.beckermayer/Library/Application Support/Cursor/User/globalStorage/bmd.stm32-for-vscode/@xpack-dev-tools/arm-none-eabi-gcc/13.2.1-1.1.1/.content/bin/../lib/gcc/arm-none-eabi/13.2.1/thumb/v7e-m+dp/hard/crtn.o
                0x20080000                        _estack = (ORIGIN (RAM) + LENGTH (RAM))
                0x00000200                        _Min_Heap_Size = 0x200
                0x00000400                        _Min_Stack_Size = 0x400

.isr_vector     0x08000000      0x1f8
                0x08000000                        . = ALIGN (0x4)
 *(.isr_vector)
 .isr_vector    0x08000000      0x1f8 build/startup_stm32f767xx.o
                0x08000000                g_pfnVectors
                0x080001f8                        . = ALIGN (0x4)

.text           0x080001f8      0x178
                0x080001f8                        . = ALIGN (0x4)
 *(.text)
 *(.text*)
 .text.__do_global_dtors_aux
                0x080001f8       0x24 /Users/isaiah.beckermayer/Library/Application Support/Cursor/User/globalStorage/bmd.stm32-for-vscode/@xpack-dev-tools/arm-none-eabi-gcc/13.2.1-1.1.1/.content/bin/../lib/gcc/arm-none-eabi/13.2.1/thumb/v7e-m+dp/hard/crtbegin.o
 .text.frame_dummy
                0x0800021c       0x1c /Users/isaiah.beckermayer/Library/Application Support/Cursor/User/globalStorage/bmd.stm32-for-vscode/@xpack-dev-tools/arm-none-eabi-gcc/13.2.1-1.1.1/.content/bin/../lib/gcc/arm-none-eabi/13.2.1/thumb/v7e-m+dp/hard/crtbegin.o
 .text.HAL_IncTick
                0x08000238       0x18 build/stm32f7xx_hal.o
                0x08000238                HAL_IncTick
 .text.main     0x08000250       0x40 build/main.o
                0x08000250                main
 .text.NMI_Handler
                0x08000290        0x2 build/stm32f7xx_it.o
                0x08000290                NMI_Handler
 .text.HardFault_Handler
                0x08000292        0x2 build/stm32f7xx_it.o
                0x08000292                HardFault_Handler
 .text.MemManage_Handler
                0x08000294        0x2 build/stm32f7xx_it.o
                0x08000294                MemManage_Handler
 .text.BusFault_Handler
                0x08000296        0x2 build/stm32f7xx_it.o
                0x08000296                BusFault_Handler
 .text.UsageFault_Handler
                0x08000298        0x2 build/stm32f7xx_it.o
                0x08000298                UsageFault_Handler
 .text.SVC_Handler
                0x0800029a        0x2 build/stm32f7xx_it.o
                0x0800029a                SVC_Handler
 .text.DebugMon_Handler
                0x0800029c        0x2 build/stm32f7xx_it.o
                0x0800029c                DebugMon_Handler
 .text.PendSV_Handler
                0x0800029e        0x2 build/stm32f7xx_it.o
                0x0800029e                PendSV_Handler
 .text.SysTick_Handler
                0x080002a0        0x8 build/stm32f7xx_it.o
                0x080002a0                SysTick_Handler
 .text.SystemInit
                0x080002a8       0x14 build/system_stm32f7xx.o
                0x080002a8                SystemInit
 .text.Reset_Handler
                0x080002bc       0x50 build/startup_stm32f767xx.o
                0x080002bc                Reset_Handler
 .text.Default_Handler
                0x0800030c        0x2 build/startup_stm32f767xx.o
                0x0800030c                DMA1_Stream3_IRQHandler
                0x0800030c                EXTI2_IRQHandler
                0x0800030c                TIM8_CC_IRQHandler
                0x0800030c                UART8_IRQHandler
                0x0800030c                SPI4_IRQHandler
                0x0800030c                TIM1_CC_IRQHandler
                0x0800030c                DMA2_Stream5_IRQHandler
                0x0800030c                JPEG_IRQHandler
                0x0800030c                DMA1_Stream5_IRQHandler
                0x0800030c                CAN3_RX1_IRQHandler
                0x0800030c                PVD_IRQHandler
                0x0800030c                TAMP_STAMP_IRQHandler
                0x0800030c                CAN2_RX1_IRQHandler
                0x0800030c                EXTI3_IRQHandler
                0x0800030c                TIM8_TRG_COM_TIM14_IRQHandler
                0x0800030c                DFSDM1_FLT1_IRQHandler
                0x0800030c                TIM1_UP_TIM10_IRQHandler
                0x0800030c                TIM8_UP_TIM13_IRQHandler
                0x0800030c                I2C3_ER_IRQHandler
                0x0800030c                DFSDM1_FLT2_IRQHandler
                0x0800030c                EXTI0_IRQHandler
                0x0800030c                I2C2_EV_IRQHandler
                0x0800030c                DMA1_Stream2_IRQHandler
                0x0800030c                CAN1_RX0_IRQHandler
                0x0800030c                FPU_IRQHandler
                0x0800030c                OTG_HS_WKUP_IRQHandler
                0x0800030c                CAN3_SCE_IRQHandler
                0x0800030c                LTDC_ER_IRQHandler
                0x0800030c                CAN2_SCE_IRQHandler
                0x0800030c                DMA2_Stream2_IRQHandler
                0x0800030c                SPI1_IRQHandler
                0x0800030c                TIM6_DAC_IRQHandler
                0x0800030c                TIM1_BRK_TIM9_IRQHandler
                0x0800030c                DCMI_IRQHandler
                0x0800030c                CAN2_RX0_IRQHandler
                0x0800030c                DMA2_Stream3_IRQHandler
                0x0800030c                SAI2_IRQHandler
                0x0800030c                DFSDM1_FLT3_IRQHandler
                0x0800030c                USART6_IRQHandler
                0x0800030c                CAN3_RX0_IRQHandler
                0x0800030c                USART3_IRQHandler
                0x0800030c                CAN1_RX1_IRQHandler
                0x0800030c                UART5_IRQHandler
                0x0800030c                DMA2_Stream0_IRQHandler
                0x0800030c                TIM4_IRQHandler
                0x0800030c                QUADSPI_IRQHandler
                0x0800030c                I2C1_EV_IRQHandler
                0x0800030c                DMA1_Stream6_IRQHandler
                0x0800030c                DMA1_Stream1_IRQHandler
                0x0800030c                UART4_IRQHandler
                0x0800030c                TIM3_IRQHandler
                0x0800030c                RCC_IRQHandler
                0x0800030c                TIM8_BRK_TIM12_IRQHandler
                0x0800030c                Default_Handler
                0x0800030c                CEC_IRQHandler
                0x0800030c                EXTI15_10_IRQHandler
                0x0800030c                ADC_IRQHandler
                0x0800030c                DMA1_Stream7_IRQHandler
                0x0800030c                SPI5_IRQHandler
                0x0800030c                TIM7_IRQHandler
                0x0800030c                SDMMC1_IRQHandler
                0x0800030c                CAN2_TX_IRQHandler
                0x0800030c                TIM5_IRQHandler
                0x0800030c                DMA2_Stream7_IRQHandler
                0x0800030c                I2C3_EV_IRQHandler
                0x0800030c                EXTI9_5_IRQHandler
                0x0800030c                RTC_WKUP_IRQHandler
                0x0800030c                LTDC_IRQHandler
                0x0800030c                ETH_WKUP_IRQHandler
                0x0800030c                SPDIF_RX_IRQHandler
                0x0800030c                SPI2_IRQHandler
                0x0800030c                OTG_HS_EP1_IN_IRQHandler
                0x0800030c                DMA1_Stream0_IRQHandler
                0x0800030c                CAN1_TX_IRQHandler
                0x0800030c                EXTI4_IRQHandler
                0x0800030c                RNG_IRQHandler
                0x0800030c                ETH_IRQHandler
                0x0800030c                OTG_HS_EP1_OUT_IRQHandler
                0x0800030c                WWDG_IRQHandler
                0x0800030c                SPI6_IRQHandler
                0x0800030c                MDIOS_IRQHandler
                0x0800030c                I2C4_EV_IRQHandler
                0x0800030c                CAN3_TX_IRQHandler
                0x0800030c                TIM2_IRQHandler
                0x0800030c                OTG_FS_WKUP_IRQHandler
                0x0800030c                TIM1_TRG_COM_TIM11_IRQHandler
                0x0800030c                OTG_HS_IRQHandler
                0x0800030c                DMA2D_IRQHandler
                0x0800030c                EXTI1_IRQHandler
                0x0800030c                SDMMC2_IRQHandler
                0x0800030c                UART7_IRQHandler
                0x0800030c                USART2_IRQHandler
                0x0800030c                DFSDM1_FLT0_IRQHandler
                0x0800030c                I2C2_ER_IRQHandler
                0x0800030c                DMA2_Stream1_IRQHandler
                0x0800030c                CAN1_SCE_IRQHandler
                0x0800030c                FLASH_IRQHandler
                0x0800030c                DMA2_Stream4_IRQHandler
                0x0800030c                USART1_IRQHandler
                0x0800030c                OTG_FS_IRQHandler
                0x0800030c                SPI3_IRQHandler
                0x0800030c                DMA1_Stream4_IRQHandler
                0x0800030c                I2C1_ER_IRQHandler
                0x0800030c                FMC_IRQHandler
                0x0800030c                LPTIM1_IRQHandler
                0x0800030c                I2C4_ER_IRQHandler
                0x0800030c                DMA2_Stream6_IRQHandler
                0x0800030c                SAI1_IRQHandler
                0x0800030c                RTC_Alarm_IRQHandler
 *fill*         0x0800030e        0x2 
 .text.__libc_init_array
                0x08000310       0x48 /Users/isaiah.beckermayer/Library/Application Support/Cursor/User/globalStorage/bmd.stm32-for-vscode/@xpack-dev-tools/arm-none-eabi-gcc/13.2.1-1.1.1/.content/bin/../lib/gcc/arm-none-eabi/13.2.1/../../../../arm-none-eabi/lib/thumb/v7e-m+dp/hard/libc_nano.a(libc_a-init.o)
                0x08000310                __libc_init_array
 *(.glue_7)
 .glue_7        0x08000358        0x0 linker stubs
 *(.glue_7t)
 .glue_7t       0x08000358        0x0 linker stubs
 *(.eh_frame)
 .eh_frame      0x08000358        0x0 /Users/isaiah.beckermayer/Library/Application Support/Cursor/User/globalStorage/bmd.stm32-for-vscode/@xpack-dev-tools/arm-none-eabi-gcc/13.2.1-1.1.1/.content/bin/../lib/gcc/arm-none-eabi/13.2.1/thumb/v7e-m+dp/hard/crtbegin.o
 *(.init)
 .init          0x08000358        0x4 /Users/isaiah.beckermayer/Library/Application Support/Cursor/User/globalStorage/bmd.stm32-for-vscode/@xpack-dev-tools/arm-none-eabi-gcc/13.2.1-1.1.1/.content/bin/../lib/gcc/arm-none-eabi/13.2.1/thumb/v7e-m+dp/hard/crti.o
                0x08000358                _init
 .init          0x0800035c        0x8 /Users/isaiah.beckermayer/Library/Application Support/Cursor/User/globalStorage/bmd.stm32-for-vscode/@xpack-dev-tools/arm-none-eabi-gcc/13.2.1-1.1.1/.content/bin/../lib/gcc/arm-none-eabi/13.2.1/thumb/v7e-m+dp/hard/crtn.o
 *(.fini)
 .fini          0x08000364        0x4 /Users/isaiah.beckermayer/Library/Application Support/Cursor/User/globalStorage/bmd.stm32-for-vscode/@xpack-dev-tools/arm-none-eabi-gcc/13.2.1-1.1.1/.content/bin/../lib/gcc/arm-none-eabi/13.2.1/thumb/v7e-m+dp/hard/crti.o
                0x08000364                _fini
 .fini          0x08000368        0x8 /Users/isaiah.beckermayer/Library/Application Support/Cursor/User/globalStorage/bmd.stm32-for-vscode/@xpack-dev-tools/arm-none-eabi-gcc/13.2.1-1.1.1/.content/bin/../lib/gcc/arm-none-eabi/13.2.1/thumb/v7e-m+dp/hard/crtn.o
                0x08000370                        . = ALIGN (0x4)
                0x08000370                        _etext = .

.vfp11_veneer   0x08000370        0x0
 .vfp11_veneer  0x08000370        0x0 linker stubs

.v4_bx          0x08000370        0x0
 .v4_bx         0x08000370        0x0 linker stubs

.iplt           0x08000370        0x0
 .iplt          0x08000370        0x0 /Users/isaiah.beckermayer/Library/Application Support/Cursor/User/globalStorage/bmd.stm32-for-vscode/@xpack-dev-tools/arm-none-eabi-gcc/13.2.1-1.1.1/.content/bin/../lib/gcc/arm-none-eabi/13.2.1/thumb/v7e-m+dp/hard/crtbegin.o

.rel.dyn        0x08000370        0x0
 .rel.iplt      0x08000370        0x0 /Users/isaiah.beckermayer/Library/Application Support/Cursor/User/globalStorage/bmd.stm32-for-vscode/@xpack-dev-tools/arm-none-eabi-gcc/13.2.1-1.1.1/.content/bin/../lib/gcc/arm-none-eabi/13.2.1/thumb/v7e-m+dp/hard/crtbegin.o

.rodata         0x08000370        0x0
                0x08000370                        . = ALIGN (0x4)
 *(.rodata)
 *(.rodata*)
                0x08000370                        . = ALIGN (0x4)

.ARM.extab
 *(.ARM.extab* .gnu.linkonce.armextab.*)

.ARM            0x08000370        0x0
                0x08000370                        __exidx_start = .
 *(.ARM.exidx*)
                0x08000370                        __exidx_end = .

.preinit_array  0x08000370        0x0
                0x08000370                        PROVIDE (__preinit_array_start = .)
 *(.preinit_array*)
                0x08000370                        PROVIDE (__preinit_array_end = .)

.init_array     0x08000370        0x4
                0x08000370                        PROVIDE (__init_array_start = .)
 *(SORT_BY_NAME(.init_array.*))
 *(.init_array*)
 .init_array    0x08000370        0x4 /Users/isaiah.beckermayer/Library/Application Support/Cursor/User/globalStorage/bmd.stm32-for-vscode/@xpack-dev-tools/arm-none-eabi-gcc/13.2.1-1.1.1/.content/bin/../lib/gcc/arm-none-eabi/13.2.1/thumb/v7e-m+dp/hard/crtbegin.o
                0x08000374                        PROVIDE (__init_array_end = .)

.fini_array     0x08000374        0x4
                0x08000374                        PROVIDE (__fini_array_start = .)
 *(SORT_BY_NAME(.fini_array.*))
 *(.fini_array*)
 .fini_array    0x08000374        0x4 /Users/isaiah.beckermayer/Library/Application Support/Cursor/User/globalStorage/bmd.stm32-for-vscode/@xpack-dev-tools/arm-none-eabi-gcc/13.2.1-1.1.1/.content/bin/../lib/gcc/arm-none-eabi/13.2.1/thumb/v7e-m+dp/hard/crtbegin.o
                0x08000378                        PROVIDE (__fini_array_end = .)
                0x08000378                        _sidata = LOADADDR (.data)

.data           0x20000000        0x4 load address 0x08000378
                0x20000000                        . = ALIGN (0x4)
                0x20000000                        _sdata = .
 *(.data)
 *(.data*)
 .data.uwTickFreq
                0x20000000        0x1 build/stm32f7xx_hal.o
                0x20000000                uwTickFreq
                0x20000004                        . = ALIGN (0x4)
 *fill*         0x20000001        0x3 
                0x20000004                        _edata = .

.igot.plt       0x20000004        0x0 load address 0x0800037c
 .igot.plt      0x20000004        0x0 /Users/isaiah.beckermayer/Library/Application Support/Cursor/User/globalStorage/bmd.stm32-for-vscode/@xpack-dev-tools/arm-none-eabi-gcc/13.2.1-1.1.1/.content/bin/../lib/gcc/arm-none-eabi/13.2.1/thumb/v7e-m+dp/hard/crtbegin.o
                0x20000004                        . = ALIGN (0x4)

.bss            0x20000004       0x20 load address 0x0800037c
                0x20000004                        _sbss = .
                0x20000004                        __bss_start__ = _sbss
 *(.bss)
 *(.bss*)
 .bss.completed.1
                0x20000004        0x1 /Users/isaiah.beckermayer/Library/Application Support/Cursor/User/globalStorage/bmd.stm32-for-vscode/@xpack-dev-tools/arm-none-eabi-gcc/13.2.1-1.1.1/.content/bin/../lib/gcc/arm-none-eabi/13.2.1/thumb/v7e-m+dp/hard/crtbegin.o
 *fill*         0x20000005        0x3 
 .bss.object.0  0x20000008       0x18 /Users/isaiah.beckermayer/Library/Application Support/Cursor/User/globalStorage/bmd.stm32-for-vscode/@xpack-dev-tools/arm-none-eabi-gcc/13.2.1-1.1.1/.content/bin/../lib/gcc/arm-none-eabi/13.2.1/thumb/v7e-m+dp/hard/crtbegin.o
 .bss.uwTick    0x20000020        0x4 build/stm32f7xx_hal.o
                0x20000020                uwTick
 *(COMMON)
                0x20000024                        . = ALIGN (0x4)
                0x20000024                        _ebss = .
                0x20000024                        __bss_end__ = _ebss

._user_heap_stack
                0x20000024      0x604 load address 0x0800037c
                0x20000028                        . = ALIGN (0x8)
 *fill*         0x20000024        0x4 
                [!provide]                        PROVIDE (end = .)
                0x20000028                        PROVIDE (_end = .)
                0x20000228                        . = (. + _Min_Heap_Size)
 *fill*         0x20000028      0x200 
                0x20000628                        . = (. + _Min_Stack_Size)
 *fill*         0x20000228      0x400 
                0x20000628                        . = ALIGN (0x8)

/DISCARD/
 libc.a(*)
 libm.a(*)
 libgcc.a(*)

.ARM.attributes
                0x00000000       0x2e
 *(.ARM.attributes)
 .ARM.attributes
                0x00000000       0x20 /Users/isaiah.beckermayer/Library/Application Support/Cursor/User/globalStorage/bmd.stm32-for-vscode/@xpack-dev-tools/arm-none-eabi-gcc/13.2.1-1.1.1/.content/bin/../lib/gcc/arm-none-eabi/13.2.1/thumb/v7e-m+dp/hard/crti.o
 .ARM.attributes
                0x00000020       0x32 /Users/isaiah.beckermayer/Library/Application Support/Cursor/User/globalStorage/bmd.stm32-for-vscode/@xpack-dev-tools/arm-none-eabi-gcc/13.2.1-1.1.1/.content/bin/../lib/gcc/arm-none-eabi/13.2.1/thumb/v7e-m+dp/hard/crtbegin.o
 .ARM.attributes
                0x00000052       0x32 build/stm32f7xx_hal.o
 .ARM.attributes
                0x00000084       0x32 build/main.o
 .ARM.attributes
                0x000000b6       0x32 build/stm32f7xx_it.o
 .ARM.attributes
                0x000000e8       0x32 build/system_stm32f7xx.o
 .ARM.attributes
                0x0000011a       0x21 build/startup_stm32f767xx.o
 .ARM.attributes
                0x0000013b       0x32 /Users/isaiah.beckermayer/Library/Application Support/Cursor/User/globalStorage/bmd.stm32-for-vscode/@xpack-dev-tools/arm-none-eabi-gcc/13.2.1-1.1.1/.content/bin/../lib/gcc/arm-none-eabi/13.2.1/../../../../arm-none-eabi/lib/thumb/v7e-m+dp/hard/libc_nano.a(libc_a-init.o)
 .ARM.attributes
                0x0000016d       0x20 /Users/isaiah.beckermayer/Library/Application Support/Cursor/User/globalStorage/bmd.stm32-for-vscode/@xpack-dev-tools/arm-none-eabi-gcc/13.2.1-1.1.1/.content/bin/../lib/gcc/arm-none-eabi/13.2.1/thumb/v7e-m+dp/hard/crtn.o
OUTPUT(build/2_gpio_addr_config_struct_sm32-for-vscode.elf elf32-littlearm)
LOAD linker stubs
LOAD /Users/isaiah.beckermayer/Library/Application Support/Cursor/User/globalStorage/bmd.stm32-for-vscode/@xpack-dev-tools/arm-none-eabi-gcc/13.2.1-1.1.1/.content/bin/../lib/gcc/arm-none-eabi/13.2.1/../../../../arm-none-eabi/lib/thumb/v7e-m+dp/hard/libc.a
LOAD /Users/isaiah.beckermayer/Library/Application Support/Cursor/User/globalStorage/bmd.stm32-for-vscode/@xpack-dev-tools/arm-none-eabi-gcc/13.2.1-1.1.1/.content/bin/../lib/gcc/arm-none-eabi/13.2.1/../../../../arm-none-eabi/lib/thumb/v7e-m+dp/hard/libm.a
LOAD /Users/isaiah.beckermayer/Library/Application Support/Cursor/User/globalStorage/bmd.stm32-for-vscode/@xpack-dev-tools/arm-none-eabi-gcc/13.2.1-1.1.1/.content/bin/../lib/gcc/arm-none-eabi/13.2.1/thumb/v7e-m+dp/hard/libgcc.a

.comment        0x00000000       0x38
 .comment       0x00000000       0x38 /Users/isaiah.beckermayer/Library/Application Support/Cursor/User/globalStorage/bmd.stm32-for-vscode/@xpack-dev-tools/arm-none-eabi-gcc/13.2.1-1.1.1/.content/bin/../lib/gcc/arm-none-eabi/13.2.1/thumb/v7e-m+dp/hard/crtbegin.o
                                 0x39 (size before relaxing)
 .comment       0x00000038       0x39 build/stm32f7xx_hal.o
 .comment       0x00000038       0x39 build/main.o
 .comment       0x00000038       0x39 build/stm32f7xx_it.o
 .comment       0x00000038       0x39 build/system_stm32f7xx.o
 .comment       0x00000038       0x39 /Users/isaiah.beckermayer/Library/Application Support/Cursor/User/globalStorage/bmd.stm32-for-vscode/@xpack-dev-tools/arm-none-eabi-gcc/13.2.1-1.1.1/.content/bin/../lib/gcc/arm-none-eabi/13.2.1/../../../../arm-none-eabi/lib/thumb/v7e-m+dp/hard/libc_nano.a(libc_a-init.o)

.debug_info     0x00000000     0x2de1
 .debug_info    0x00000000      0xaea build/stm32f7xx_hal.o
 .debug_info    0x00000aea     0x1aa9 build/main.o
 .debug_info    0x00002593      0x11c build/stm32f7xx_it.o
 .debug_info    0x000026af      0x702 build/system_stm32f7xx.o
 .debug_info    0x00002db1       0x30 build/startup_stm32f767xx.o

.debug_abbrev   0x00000000      0x6db
 .debug_abbrev  0x00000000      0x23f build/stm32f7xx_hal.o
 .debug_abbrev  0x0000023f      0x2bd build/main.o
 .debug_abbrev  0x000004fc       0x7c build/stm32f7xx_it.o
 .debug_abbrev  0x00000578      0x13f build/system_stm32f7xx.o
 .debug_abbrev  0x000006b7       0x24 build/startup_stm32f767xx.o

.debug_loclists
                0x00000000      0x1fc
 .debug_loclists
                0x00000000       0xe1 build/stm32f7xx_hal.o
 .debug_loclists
                0x000000e1       0x21 build/main.o
 .debug_loclists
                0x00000102       0xfa build/system_stm32f7xx.o

.debug_aranges  0x00000000      0x1f0
 .debug_aranges
                0x00000000      0x110 build/stm32f7xx_hal.o
 .debug_aranges
                0x00000110       0x30 build/main.o
 .debug_aranges
                0x00000140       0x60 build/stm32f7xx_it.o
 .debug_aranges
                0x000001a0       0x28 build/system_stm32f7xx.o
 .debug_aranges
                0x000001c8       0x28 build/startup_stm32f767xx.o

.debug_rnglists
                0x00000000      0x169
 .debug_rnglists
                0x00000000       0xc7 build/stm32f7xx_hal.o
 .debug_rnglists
                0x000000c7       0x2c build/main.o
 .debug_rnglists
                0x000000f3       0x43 build/stm32f7xx_it.o
 .debug_rnglists
                0x00000136       0x1a build/system_stm32f7xx.o
 .debug_rnglists
                0x00000150       0x19 build/startup_stm32f767xx.o

.debug_line     0x00000000     0x1012
 .debug_line    0x00000000      0x6a7 build/stm32f7xx_hal.o
 .debug_line    0x000006a7      0x49c build/main.o
 .debug_line    0x00000b43      0x138 build/stm32f7xx_it.o
 .debug_line    0x00000c7b      0x321 build/system_stm32f7xx.o
 .debug_line    0x00000f9c       0x76 build/startup_stm32f767xx.o

.debug_str      0x00000000     0x1f33
 .debug_str     0x00000000     0x1f33 build/stm32f7xx_hal.o
                                0xd50 (size before relaxing)
 .debug_str     0x00001f33     0x1383 build/main.o
 .debug_str     0x00001f33      0x23f build/stm32f7xx_it.o
 .debug_str     0x00001f33      0x46b build/system_stm32f7xx.o
 .debug_str     0x00001f33       0x93 build/startup_stm32f767xx.o

.debug_frame    0x00000000      0x354
 .debug_frame   0x00000000      0x22c build/stm32f7xx_hal.o
 .debug_frame   0x0000022c       0x50 build/main.o
 .debug_frame   0x0000027c       0xa8 build/stm32f7xx_it.o
 .debug_frame   0x00000324       0x30 build/system_stm32f7xx.o

.debug_line_str
                0x00000000       0x77
 .debug_line_str
                0x00000000       0x77 build/startup_stm32f767xx.o

Cross Reference Table

Symbol                                            File
ADC_IRQHandler                                    build/startup_stm32f767xx.o
AHBPrescTable                                     build/system_stm32f7xx.o
                                                  build/stm32f7xx_hal_rcc.o
APBPrescTable                                     build/system_stm32f7xx.o
                                                  build/stm32f7xx_hal_rcc.o
BusFault_Handler                                  build/stm32f7xx_it.o
CAN1_RX0_IRQHandler                               build/startup_stm32f767xx.o
CAN1_RX1_IRQHandler                               build/startup_stm32f767xx.o
CAN1_SCE_IRQHandler                               build/startup_stm32f767xx.o
CAN1_TX_IRQHandler                                build/startup_stm32f767xx.o
CAN2_RX0_IRQHandler                               build/startup_stm32f767xx.o
CAN2_RX1_IRQHandler                               build/startup_stm32f767xx.o
CAN2_SCE_IRQHandler                               build/startup_stm32f767xx.o
CAN2_TX_IRQHandler                                build/startup_stm32f767xx.o
CAN3_RX0_IRQHandler                               build/startup_stm32f767xx.o
CAN3_RX1_IRQHandler                               build/startup_stm32f767xx.o
CAN3_SCE_IRQHandler                               build/startup_stm32f767xx.o
CAN3_TX_IRQHandler                                build/startup_stm32f767xx.o
CEC_IRQHandler                                    build/startup_stm32f767xx.o
DCMI_IRQHandler                                   build/startup_stm32f767xx.o
DFSDM1_FLT0_IRQHandler                            build/startup_stm32f767xx.o
DFSDM1_FLT1_IRQHandler                            build/startup_stm32f767xx.o
DFSDM1_FLT2_IRQHandler                            build/startup_stm32f767xx.o
DFSDM1_FLT3_IRQHandler                            build/startup_stm32f767xx.o
DMA1_Stream0_IRQHandler                           build/startup_stm32f767xx.o
DMA1_Stream1_IRQHandler                           build/startup_stm32f767xx.o
DMA1_Stream2_IRQHandler                           build/startup_stm32f767xx.o
DMA1_Stream3_IRQHandler                           build/startup_stm32f767xx.o
DMA1_Stream4_IRQHandler                           build/startup_stm32f767xx.o
DMA1_Stream5_IRQHandler                           build/startup_stm32f767xx.o
DMA1_Stream6_IRQHandler                           build/startup_stm32f767xx.o
DMA1_Stream7_IRQHandler                           build/startup_stm32f767xx.o
DMA2D_IRQHandler                                  build/startup_stm32f767xx.o
DMA2_Stream0_IRQHandler                           build/startup_stm32f767xx.o
DMA2_Stream1_IRQHandler                           build/startup_stm32f767xx.o
DMA2_Stream2_IRQHandler                           build/startup_stm32f767xx.o
DMA2_Stream3_IRQHandler                           build/startup_stm32f767xx.o
DMA2_Stream4_IRQHandler                           build/startup_stm32f767xx.o
DMA2_Stream5_IRQHandler                           build/startup_stm32f767xx.o
DMA2_Stream6_IRQHandler                           build/startup_stm32f767xx.o
DMA2_Stream7_IRQHandler                           build/startup_stm32f767xx.o
DMARxDscrTab                                      build/main.o
DMATxDscrTab                                      build/main.o
DebugMon_Handler                                  build/stm32f7xx_it.o
Default_Handler                                   build/startup_stm32f767xx.o
ETH_IRQHandler                                    build/startup_stm32f767xx.o
ETH_WKUP_IRQHandler                               build/startup_stm32f767xx.o
EXTI0_IRQHandler                                  build/startup_stm32f767xx.o
EXTI15_10_IRQHandler                              build/startup_stm32f767xx.o
EXTI1_IRQHandler                                  build/startup_stm32f767xx.o
EXTI2_IRQHandler                                  build/startup_stm32f767xx.o
EXTI3_IRQHandler                                  build/startup_stm32f767xx.o
EXTI4_IRQHandler                                  build/startup_stm32f767xx.o
EXTI9_5_IRQHandler                                build/startup_stm32f767xx.o
Error_Handler                                     build/main.o
                                                  build/stm32f7xx_hal_msp.o
FLASH_Erase_Sector                                build/stm32f7xx_hal_flash_ex.o
                                                  build/stm32f7xx_hal_flash.o
FLASH_IRQHandler                                  build/startup_stm32f767xx.o
FLASH_WaitForLastOperation                        build/stm32f7xx_hal_flash.o
                                                  build/stm32f7xx_hal_flash_ex.o
FMC_IRQHandler                                    build/startup_stm32f767xx.o
FPU_IRQHandler                                    build/startup_stm32f767xx.o
HAL_DBGMCU_DisableDBGSleepMode                    build/stm32f7xx_hal.o
HAL_DBGMCU_DisableDBGStandbyMode                  build/stm32f7xx_hal.o
HAL_DBGMCU_DisableDBGStopMode                     build/stm32f7xx_hal.o
HAL_DBGMCU_EnableDBGSleepMode                     build/stm32f7xx_hal.o
HAL_DBGMCU_EnableDBGStandbyMode                   build/stm32f7xx_hal.o
HAL_DBGMCU_EnableDBGStopMode                      build/stm32f7xx_hal.o
HAL_DMAEx_ChangeMemory                            build/stm32f7xx_hal_dma_ex.o
HAL_DMAEx_MultiBufferStart                        build/stm32f7xx_hal_dma_ex.o
HAL_DMAEx_MultiBufferStart_IT                     build/stm32f7xx_hal_dma_ex.o
HAL_DMA_Abort                                     build/stm32f7xx_hal_dma.o
                                                  build/stm32f7xx_hal_uart.o
HAL_DMA_Abort_IT                                  build/stm32f7xx_hal_dma.o
                                                  build/stm32f7xx_hal_uart.o
                                                  build/stm32f7xx_hal_i2c.o
HAL_DMA_DeInit                                    build/stm32f7xx_hal_dma.o
HAL_DMA_GetError                                  build/stm32f7xx_hal_dma.o
                                                  build/stm32f7xx_hal_uart.o
                                                  build/stm32f7xx_hal_i2c.o
HAL_DMA_GetState                                  build/stm32f7xx_hal_dma.o
                                                  build/stm32f7xx_hal_i2c.o
HAL_DMA_IRQHandler                                build/stm32f7xx_hal_dma.o
HAL_DMA_Init                                      build/stm32f7xx_hal_dma.o
HAL_DMA_PollForTransfer                           build/stm32f7xx_hal_dma.o
HAL_DMA_RegisterCallback                          build/stm32f7xx_hal_dma.o
HAL_DMA_Start                                     build/stm32f7xx_hal_dma.o
HAL_DMA_Start_IT                                  build/stm32f7xx_hal_dma.o
                                                  build/stm32f7xx_hal_uart.o
                                                  build/stm32f7xx_hal_i2c.o
HAL_DMA_UnRegisterCallback                        build/stm32f7xx_hal_dma.o
HAL_DeInit                                        build/stm32f7xx_hal.o
HAL_Delay                                         build/stm32f7xx_hal.o
                                                  build/stm32f7xx_ll_usb.o
                                                  build/stm32f7xx_hal_eth.o
HAL_DisableCompensationCell                       build/stm32f7xx_hal.o
HAL_DisableFMCMemorySwapping                      build/stm32f7xx_hal.o
HAL_DisableMemorySwappingBank                     build/stm32f7xx_hal.o
HAL_ETH_DeInit                                    build/stm32f7xx_hal_eth.o
HAL_ETH_EnterPowerDownMode                        build/stm32f7xx_hal_eth.o
HAL_ETH_ErrorCallback                             build/stm32f7xx_hal_eth.o
HAL_ETH_ExitPowerDownMode                         build/stm32f7xx_hal_eth.o
HAL_ETH_GetDMAConfig                              build/stm32f7xx_hal_eth.o
HAL_ETH_GetDMAError                               build/stm32f7xx_hal_eth.o
HAL_ETH_GetError                                  build/stm32f7xx_hal_eth.o
HAL_ETH_GetMACConfig                              build/stm32f7xx_hal_eth.o
HAL_ETH_GetMACError                               build/stm32f7xx_hal_eth.o
HAL_ETH_GetMACFilterConfig                        build/stm32f7xx_hal_eth.o
HAL_ETH_GetMACWakeUpSource                        build/stm32f7xx_hal_eth.o
HAL_ETH_GetRxDataErrorCode                        build/stm32f7xx_hal_eth.o
HAL_ETH_GetState                                  build/stm32f7xx_hal_eth.o
HAL_ETH_IRQHandler                                build/stm32f7xx_hal_eth.o
HAL_ETH_Init                                      build/stm32f7xx_hal_eth.o
HAL_ETH_MspDeInit                                 build/stm32f7xx_hal_msp.o
                                                  build/stm32f7xx_hal_eth.o
HAL_ETH_MspInit                                   build/stm32f7xx_hal_msp.o
                                                  build/stm32f7xx_hal_eth.o
HAL_ETH_PMTCallback                               build/stm32f7xx_hal_eth.o
HAL_ETH_ReadData                                  build/stm32f7xx_hal_eth.o
HAL_ETH_ReadPHYRegister                           build/stm32f7xx_hal_eth.o
HAL_ETH_RegisterRxAllocateCallback                build/stm32f7xx_hal_eth.o
HAL_ETH_RegisterRxLinkCallback                    build/stm32f7xx_hal_eth.o
HAL_ETH_RegisterTxFreeCallback                    build/stm32f7xx_hal_eth.o
HAL_ETH_ReleaseTxPacket                           build/stm32f7xx_hal_eth.o
HAL_ETH_RxAllocateCallback                        build/stm32f7xx_hal_eth.o
HAL_ETH_RxCpltCallback                            build/stm32f7xx_hal_eth.o
HAL_ETH_RxLinkCallback                            build/stm32f7xx_hal_eth.o
HAL_ETH_SetDMAConfig                              build/stm32f7xx_hal_eth.o
HAL_ETH_SetHashTable                              build/stm32f7xx_hal_eth.o
HAL_ETH_SetMACConfig                              build/stm32f7xx_hal_eth.o
HAL_ETH_SetMACFilterConfig                        build/stm32f7xx_hal_eth.o
HAL_ETH_SetMDIOClockRange                         build/stm32f7xx_hal_eth.o
HAL_ETH_SetRxVLANIdentifier                       build/stm32f7xx_hal_eth.o
HAL_ETH_SetSourceMACAddrMatch                     build/stm32f7xx_hal_eth.o
HAL_ETH_SetWakeUpFilter                           build/stm32f7xx_hal_eth.o
HAL_ETH_Start                                     build/stm32f7xx_hal_eth.o
HAL_ETH_Start_IT                                  build/stm32f7xx_hal_eth.o
HAL_ETH_Stop                                      build/stm32f7xx_hal_eth.o
HAL_ETH_Stop_IT                                   build/stm32f7xx_hal_eth.o
HAL_ETH_Transmit                                  build/stm32f7xx_hal_eth.o
HAL_ETH_Transmit_IT                               build/stm32f7xx_hal_eth.o
HAL_ETH_TxCpltCallback                            build/stm32f7xx_hal_eth.o
HAL_ETH_TxFreeCallback                            build/stm32f7xx_hal_eth.o
HAL_ETH_UnRegisterRxAllocateCallback              build/stm32f7xx_hal_eth.o
HAL_ETH_UnRegisterRxLinkCallback                  build/stm32f7xx_hal_eth.o
HAL_ETH_UnRegisterTxFreeCallback                  build/stm32f7xx_hal_eth.o
HAL_ETH_WakeUpCallback                            build/stm32f7xx_hal_eth.o
HAL_ETH_WritePHYRegister                          build/stm32f7xx_hal_eth.o
HAL_EXTI_ClearConfigLine                          build/stm32f7xx_hal_exti.o
HAL_EXTI_ClearPending                             build/stm32f7xx_hal_exti.o
HAL_EXTI_GenerateSWI                              build/stm32f7xx_hal_exti.o
HAL_EXTI_GetConfigLine                            build/stm32f7xx_hal_exti.o
HAL_EXTI_GetHandle                                build/stm32f7xx_hal_exti.o
HAL_EXTI_GetPending                               build/stm32f7xx_hal_exti.o
HAL_EXTI_IRQHandler                               build/stm32f7xx_hal_exti.o
HAL_EXTI_RegisterCallback                         build/stm32f7xx_hal_exti.o
HAL_EXTI_SetConfigLine                            build/stm32f7xx_hal_exti.o
HAL_EnableCompensationCell                        build/stm32f7xx_hal.o
HAL_EnableFMCMemorySwapping                       build/stm32f7xx_hal.o
HAL_EnableMemorySwappingBank                      build/stm32f7xx_hal.o
HAL_FLASHEx_Erase                                 build/stm32f7xx_hal_flash_ex.o
HAL_FLASHEx_Erase_IT                              build/stm32f7xx_hal_flash_ex.o
HAL_FLASHEx_OBGetConfig                           build/stm32f7xx_hal_flash_ex.o
HAL_FLASHEx_OBProgram                             build/stm32f7xx_hal_flash_ex.o
HAL_FLASH_EndOfOperationCallback                  build/stm32f7xx_hal_flash.o
HAL_FLASH_GetError                                build/stm32f7xx_hal_flash.o
HAL_FLASH_IRQHandler                              build/stm32f7xx_hal_flash.o
HAL_FLASH_Lock                                    build/stm32f7xx_hal_flash.o
HAL_FLASH_OB_Launch                               build/stm32f7xx_hal_flash.o
HAL_FLASH_OB_Lock                                 build/stm32f7xx_hal_flash.o
HAL_FLASH_OB_Unlock                               build/stm32f7xx_hal_flash.o
HAL_FLASH_OperationErrorCallback                  build/stm32f7xx_hal_flash.o
HAL_FLASH_Program                                 build/stm32f7xx_hal_flash.o
HAL_FLASH_Program_IT                              build/stm32f7xx_hal_flash.o
HAL_FLASH_Unlock                                  build/stm32f7xx_hal_flash.o
HAL_GPIO_DeInit                                   build/stm32f7xx_hal_gpio.o
                                                  build/stm32f7xx_hal_msp.o
HAL_GPIO_EXTI_Callback                            build/stm32f7xx_hal_gpio.o
HAL_GPIO_EXTI_IRQHandler                          build/stm32f7xx_hal_gpio.o
HAL_GPIO_Init                                     build/stm32f7xx_hal_gpio.o
                                                  build/stm32f7xx_hal_msp.o
                                                  build/stm32f7xx_hal_rcc.o
HAL_GPIO_LockPin                                  build/stm32f7xx_hal_gpio.o
HAL_GPIO_ReadPin                                  build/stm32f7xx_hal_gpio.o
HAL_GPIO_TogglePin                                build/stm32f7xx_hal_gpio.o
HAL_GPIO_WritePin                                 build/stm32f7xx_hal_gpio.o
HAL_GetDEVID                                      build/stm32f7xx_hal.o
HAL_GetHalVersion                                 build/stm32f7xx_hal.o
HAL_GetREVID                                      build/stm32f7xx_hal.o
HAL_GetTick                                       build/stm32f7xx_hal.o
                                                  build/stm32f7xx_hal_uart_ex.o
                                                  build/stm32f7xx_hal_uart.o
                                                  build/stm32f7xx_hal_rcc_ex.o
                                                  build/stm32f7xx_hal_rcc.o
                                                  build/stm32f7xx_hal_pwr_ex.o
                                                  build/stm32f7xx_hal_i2c.o
                                                  build/stm32f7xx_hal_flash.o
                                                  build/stm32f7xx_hal_eth.o
                                                  build/stm32f7xx_hal_dma.o
HAL_GetTickFreq                                   build/stm32f7xx_hal.o
HAL_GetTickPrio                                   build/stm32f7xx_hal.o
HAL_GetUIDw0                                      build/stm32f7xx_hal.o
HAL_GetUIDw1                                      build/stm32f7xx_hal.o
HAL_GetUIDw2                                      build/stm32f7xx_hal.o
HAL_HalfDuplex_EnableReceiver                     build/stm32f7xx_hal_uart.o
HAL_HalfDuplex_EnableTransmitter                  build/stm32f7xx_hal_uart.o
HAL_HalfDuplex_Init                               build/stm32f7xx_hal_uart.o
HAL_I2CEx_ConfigAnalogFilter                      build/stm32f7xx_hal_i2c_ex.o
HAL_I2CEx_ConfigDigitalFilter                     build/stm32f7xx_hal_i2c_ex.o
HAL_I2CEx_DisableFastModePlus                     build/stm32f7xx_hal_i2c_ex.o
HAL_I2CEx_EnableFastModePlus                      build/stm32f7xx_hal_i2c_ex.o
HAL_I2C_AbortCpltCallback                         build/stm32f7xx_hal_i2c.o
HAL_I2C_AddrCallback                              build/stm32f7xx_hal_i2c.o
HAL_I2C_DeInit                                    build/stm32f7xx_hal_i2c.o
HAL_I2C_DisableListen_IT                          build/stm32f7xx_hal_i2c.o
HAL_I2C_ER_IRQHandler                             build/stm32f7xx_hal_i2c.o
HAL_I2C_EV_IRQHandler                             build/stm32f7xx_hal_i2c.o
HAL_I2C_EnableListen_IT                           build/stm32f7xx_hal_i2c.o
HAL_I2C_ErrorCallback                             build/stm32f7xx_hal_i2c.o
HAL_I2C_GetError                                  build/stm32f7xx_hal_i2c.o
HAL_I2C_GetMode                                   build/stm32f7xx_hal_i2c.o
HAL_I2C_GetState                                  build/stm32f7xx_hal_i2c.o
HAL_I2C_Init                                      build/stm32f7xx_hal_i2c.o
HAL_I2C_IsDeviceReady                             build/stm32f7xx_hal_i2c.o
HAL_I2C_ListenCpltCallback                        build/stm32f7xx_hal_i2c.o
HAL_I2C_MasterRxCpltCallback                      build/stm32f7xx_hal_i2c.o
HAL_I2C_MasterTxCpltCallback                      build/stm32f7xx_hal_i2c.o
HAL_I2C_Master_Abort_IT                           build/stm32f7xx_hal_i2c.o
HAL_I2C_Master_Receive                            build/stm32f7xx_hal_i2c.o
HAL_I2C_Master_Receive_DMA                        build/stm32f7xx_hal_i2c.o
HAL_I2C_Master_Receive_IT                         build/stm32f7xx_hal_i2c.o
HAL_I2C_Master_Seq_Receive_DMA                    build/stm32f7xx_hal_i2c.o
HAL_I2C_Master_Seq_Receive_IT                     build/stm32f7xx_hal_i2c.o
HAL_I2C_Master_Seq_Transmit_DMA                   build/stm32f7xx_hal_i2c.o
HAL_I2C_Master_Seq_Transmit_IT                    build/stm32f7xx_hal_i2c.o
HAL_I2C_Master_Transmit                           build/stm32f7xx_hal_i2c.o
HAL_I2C_Master_Transmit_DMA                       build/stm32f7xx_hal_i2c.o
HAL_I2C_Master_Transmit_IT                        build/stm32f7xx_hal_i2c.o
HAL_I2C_MemRxCpltCallback                         build/stm32f7xx_hal_i2c.o
HAL_I2C_MemTxCpltCallback                         build/stm32f7xx_hal_i2c.o
HAL_I2C_Mem_Read                                  build/stm32f7xx_hal_i2c.o
HAL_I2C_Mem_Read_DMA                              build/stm32f7xx_hal_i2c.o
HAL_I2C_Mem_Read_IT                               build/stm32f7xx_hal_i2c.o
HAL_I2C_Mem_Write                                 build/stm32f7xx_hal_i2c.o
HAL_I2C_Mem_Write_DMA                             build/stm32f7xx_hal_i2c.o
HAL_I2C_Mem_Write_IT                              build/stm32f7xx_hal_i2c.o
HAL_I2C_MspDeInit                                 build/stm32f7xx_hal_i2c.o
HAL_I2C_MspInit                                   build/stm32f7xx_hal_i2c.o
HAL_I2C_SlaveRxCpltCallback                       build/stm32f7xx_hal_i2c.o
HAL_I2C_SlaveTxCpltCallback                       build/stm32f7xx_hal_i2c.o
HAL_I2C_Slave_Receive                             build/stm32f7xx_hal_i2c.o
HAL_I2C_Slave_Receive_DMA                         build/stm32f7xx_hal_i2c.o
HAL_I2C_Slave_Receive_IT                          build/stm32f7xx_hal_i2c.o
HAL_I2C_Slave_Seq_Receive_DMA                     build/stm32f7xx_hal_i2c.o
HAL_I2C_Slave_Seq_Receive_IT                      build/stm32f7xx_hal_i2c.o
HAL_I2C_Slave_Seq_Transmit_DMA                    build/stm32f7xx_hal_i2c.o
HAL_I2C_Slave_Seq_Transmit_IT                     build/stm32f7xx_hal_i2c.o
HAL_I2C_Slave_Transmit                            build/stm32f7xx_hal_i2c.o
HAL_I2C_Slave_Transmit_DMA                        build/stm32f7xx_hal_i2c.o
HAL_I2C_Slave_Transmit_IT                         build/stm32f7xx_hal_i2c.o
HAL_IncTick                                       build/stm32f7xx_hal.o
                                                  build/stm32f7xx_it.o
HAL_Init                                          build/stm32f7xx_hal.o
HAL_InitTick                                      build/stm32f7xx_hal.o
                                                  build/stm32f7xx_hal_rcc.o
HAL_LIN_Init                                      build/stm32f7xx_hal_uart.o
HAL_LIN_SendBreak                                 build/stm32f7xx_hal_uart.o
HAL_MPU_ConfigRegion                              build/stm32f7xx_hal_cortex.o
HAL_MPU_Disable                                   build/stm32f7xx_hal_cortex.o
HAL_MPU_DisableRegion                             build/stm32f7xx_hal_cortex.o
HAL_MPU_Enable                                    build/stm32f7xx_hal_cortex.o
HAL_MPU_EnableRegion                              build/stm32f7xx_hal_cortex.o
HAL_MspDeInit                                     build/stm32f7xx_hal.o
HAL_MspInit                                       build/stm32f7xx_hal_msp.o
                                                  build/stm32f7xx_hal.o
HAL_MultiProcessorEx_AddressLength_Set            build/stm32f7xx_hal_uart_ex.o
HAL_MultiProcessor_DisableMuteMode                build/stm32f7xx_hal_uart.o
HAL_MultiProcessor_EnableMuteMode                 build/stm32f7xx_hal_uart.o
HAL_MultiProcessor_EnterMuteMode                  build/stm32f7xx_hal_uart.o
HAL_MultiProcessor_Init                           build/stm32f7xx_hal_uart.o
HAL_NVIC_ClearPendingIRQ                          build/stm32f7xx_hal_cortex.o
HAL_NVIC_DisableIRQ                               build/stm32f7xx_hal_cortex.o
HAL_NVIC_EnableIRQ                                build/stm32f7xx_hal_cortex.o
HAL_NVIC_GetActive                                build/stm32f7xx_hal_cortex.o
HAL_NVIC_GetPendingIRQ                            build/stm32f7xx_hal_cortex.o
HAL_NVIC_GetPriority                              build/stm32f7xx_hal_cortex.o
HAL_NVIC_GetPriorityGrouping                      build/stm32f7xx_hal_cortex.o
HAL_NVIC_SetPendingIRQ                            build/stm32f7xx_hal_cortex.o
HAL_NVIC_SetPriority                              build/stm32f7xx_hal_cortex.o
                                                  build/stm32f7xx_hal.o
HAL_NVIC_SetPriorityGrouping                      build/stm32f7xx_hal_cortex.o
                                                  build/stm32f7xx_hal.o
HAL_NVIC_SystemReset                              build/stm32f7xx_hal_cortex.o
HAL_PCDEx_ActivateLPM                             build/stm32f7xx_hal_pcd_ex.o
                                                  build/stm32f7xx_hal_pcd.o
HAL_PCDEx_BCD_Callback                            build/stm32f7xx_hal_pcd_ex.o
HAL_PCDEx_DeActivateLPM                           build/stm32f7xx_hal_pcd_ex.o
HAL_PCDEx_LPM_Callback                            build/stm32f7xx_hal_pcd_ex.o
                                                  build/stm32f7xx_hal_pcd.o
HAL_PCDEx_SetRxFiFo                               build/stm32f7xx_hal_pcd_ex.o
HAL_PCDEx_SetTxFiFo                               build/stm32f7xx_hal_pcd_ex.o
HAL_PCD_ActivateRemoteWakeup                      build/stm32f7xx_hal_pcd.o
HAL_PCD_ConnectCallback                           build/stm32f7xx_hal_pcd.o
HAL_PCD_DataInStageCallback                       build/stm32f7xx_hal_pcd.o
HAL_PCD_DataOutStageCallback                      build/stm32f7xx_hal_pcd.o
HAL_PCD_DeActivateRemoteWakeup                    build/stm32f7xx_hal_pcd.o
HAL_PCD_DeInit                                    build/stm32f7xx_hal_pcd.o
HAL_PCD_DevConnect                                build/stm32f7xx_hal_pcd.o
HAL_PCD_DevDisconnect                             build/stm32f7xx_hal_pcd.o
HAL_PCD_DisconnectCallback                        build/stm32f7xx_hal_pcd.o
HAL_PCD_EP_Abort                                  build/stm32f7xx_hal_pcd.o
HAL_PCD_EP_Close                                  build/stm32f7xx_hal_pcd.o
HAL_PCD_EP_ClrStall                               build/stm32f7xx_hal_pcd.o
HAL_PCD_EP_Flush                                  build/stm32f7xx_hal_pcd.o
HAL_PCD_EP_GetRxCount                             build/stm32f7xx_hal_pcd.o
HAL_PCD_EP_Open                                   build/stm32f7xx_hal_pcd.o
HAL_PCD_EP_Receive                                build/stm32f7xx_hal_pcd.o
HAL_PCD_EP_SetStall                               build/stm32f7xx_hal_pcd.o
HAL_PCD_EP_Transmit                               build/stm32f7xx_hal_pcd.o
HAL_PCD_GetState                                  build/stm32f7xx_hal_pcd.o
HAL_PCD_IRQHandler                                build/stm32f7xx_hal_pcd.o
HAL_PCD_ISOINIncompleteCallback                   build/stm32f7xx_hal_pcd.o
HAL_PCD_ISOOUTIncompleteCallback                  build/stm32f7xx_hal_pcd.o
HAL_PCD_Init                                      build/stm32f7xx_hal_pcd.o
HAL_PCD_MspDeInit                                 build/stm32f7xx_hal_msp.o
                                                  build/stm32f7xx_hal_pcd.o
HAL_PCD_MspInit                                   build/stm32f7xx_hal_msp.o
                                                  build/stm32f7xx_hal_pcd.o
HAL_PCD_ResetCallback                             build/stm32f7xx_hal_pcd.o
HAL_PCD_ResumeCallback                            build/stm32f7xx_hal_pcd.o
HAL_PCD_SOFCallback                               build/stm32f7xx_hal_pcd.o
HAL_PCD_SetAddress                                build/stm32f7xx_hal_pcd.o
HAL_PCD_SetTestMode                               build/stm32f7xx_hal_pcd.o
HAL_PCD_SetupStageCallback                        build/stm32f7xx_hal_pcd.o
HAL_PCD_Start                                     build/stm32f7xx_hal_pcd.o
HAL_PCD_Stop                                      build/stm32f7xx_hal_pcd.o
HAL_PCD_SuspendCallback                           build/stm32f7xx_hal_pcd.o
HAL_PCD_WKUP_IRQHandler                           build/stm32f7xx_hal_pcd.o
HAL_PWREx_ControlVoltageScaling                   build/stm32f7xx_hal_pwr_ex.o
HAL_PWREx_DisableBkUpReg                          build/stm32f7xx_hal_pwr_ex.o
HAL_PWREx_DisableFlashPowerDown                   build/stm32f7xx_hal_pwr_ex.o
HAL_PWREx_DisableLowRegulatorLowVoltage           build/stm32f7xx_hal_pwr_ex.o
HAL_PWREx_DisableMainRegulatorLowVoltage          build/stm32f7xx_hal_pwr_ex.o
HAL_PWREx_DisableOverDrive                        build/stm32f7xx_hal_pwr_ex.o
HAL_PWREx_EnableBkUpReg                           build/stm32f7xx_hal_pwr_ex.o
HAL_PWREx_EnableFlashPowerDown                    build/stm32f7xx_hal_pwr_ex.o
HAL_PWREx_EnableLowRegulatorLowVoltage            build/stm32f7xx_hal_pwr_ex.o
HAL_PWREx_EnableMainRegulatorLowVoltage           build/stm32f7xx_hal_pwr_ex.o
HAL_PWREx_EnableOverDrive                         build/stm32f7xx_hal_pwr_ex.o
                                                  build/main.o
HAL_PWREx_EnterUnderDriveSTOPMode                 build/stm32f7xx_hal_pwr_ex.o
HAL_PWREx_GetVoltageRange                         build/stm32f7xx_hal_pwr_ex.o
HAL_PWR_ConfigPVD                                 build/stm32f7xx_hal_pwr.o
HAL_PWR_DeInit                                    build/stm32f7xx_hal_pwr.o
HAL_PWR_DisableBkUpAccess                         build/stm32f7xx_hal_pwr.o
HAL_PWR_DisablePVD                                build/stm32f7xx_hal_pwr.o
HAL_PWR_DisableSEVOnPend                          build/stm32f7xx_hal_pwr.o
HAL_PWR_DisableSleepOnExit                        build/stm32f7xx_hal_pwr.o
HAL_PWR_DisableWakeUpPin                          build/stm32f7xx_hal_pwr.o
HAL_PWR_EnableBkUpAccess                          build/stm32f7xx_hal_pwr.o
                                                  build/main.o
HAL_PWR_EnablePVD                                 build/stm32f7xx_hal_pwr.o
HAL_PWR_EnableSEVOnPend                           build/stm32f7xx_hal_pwr.o
HAL_PWR_EnableSleepOnExit                         build/stm32f7xx_hal_pwr.o
HAL_PWR_EnableWakeUpPin                           build/stm32f7xx_hal_pwr.o
HAL_PWR_EnterSLEEPMode                            build/stm32f7xx_hal_pwr.o
HAL_PWR_EnterSTANDBYMode                          build/stm32f7xx_hal_pwr.o
HAL_PWR_EnterSTOPMode                             build/stm32f7xx_hal_pwr.o
HAL_PWR_PVDCallback                               build/stm32f7xx_hal_pwr.o
HAL_PWR_PVD_IRQHandler                            build/stm32f7xx_hal_pwr.o
HAL_RCCEx_DisablePLLI2S                           build/stm32f7xx_hal_rcc_ex.o
HAL_RCCEx_DisablePLLSAI                           build/stm32f7xx_hal_rcc_ex.o
HAL_RCCEx_EnablePLLI2S                            build/stm32f7xx_hal_rcc_ex.o
HAL_RCCEx_EnablePLLSAI                            build/stm32f7xx_hal_rcc_ex.o
HAL_RCCEx_GetPeriphCLKConfig                      build/stm32f7xx_hal_rcc_ex.o
HAL_RCCEx_GetPeriphCLKFreq                        build/stm32f7xx_hal_rcc_ex.o
HAL_RCCEx_PeriphCLKConfig                         build/stm32f7xx_hal_rcc_ex.o
                                                  build/stm32f7xx_hal_msp.o
HAL_RCC_CSSCallback                               build/stm32f7xx_hal_rcc.o
HAL_RCC_ClockConfig                               build/stm32f7xx_hal_rcc.o
                                                  build/main.o
HAL_RCC_DeInit                                    build/stm32f7xx_hal_rcc.o
HAL_RCC_DisableCSS                                build/stm32f7xx_hal_rcc.o
HAL_RCC_EnableCSS                                 build/stm32f7xx_hal_rcc.o
HAL_RCC_GetClockConfig                            build/stm32f7xx_hal_rcc.o
HAL_RCC_GetHCLKFreq                               build/stm32f7xx_hal_rcc.o
                                                  build/stm32f7xx_hal_pcd.o
                                                  build/stm32f7xx_hal_eth.o
HAL_RCC_GetOscConfig                              build/stm32f7xx_hal_rcc.o
HAL_RCC_GetPCLK1Freq                              build/stm32f7xx_hal_rcc.o
                                                  build/stm32f7xx_hal_uart.o
HAL_RCC_GetPCLK2Freq                              build/stm32f7xx_hal_rcc.o
                                                  build/stm32f7xx_hal_uart.o
HAL_RCC_GetSysClockFreq                           build/stm32f7xx_hal_rcc.o
                                                  build/stm32f7xx_hal_uart.o
HAL_RCC_MCOConfig                                 build/stm32f7xx_hal_rcc.o
HAL_RCC_NMI_IRQHandler                            build/stm32f7xx_hal_rcc.o
HAL_RCC_OscConfig                                 build/stm32f7xx_hal_rcc.o
                                                  build/main.o
HAL_RS485Ex_Init                                  build/stm32f7xx_hal_uart_ex.o
HAL_ResumeTick                                    build/stm32f7xx_hal.o
HAL_SYSTICK_CLKSourceConfig                       build/stm32f7xx_hal_cortex.o
HAL_SYSTICK_Callback                              build/stm32f7xx_hal_cortex.o
HAL_SYSTICK_Config                                build/stm32f7xx_hal_cortex.o
                                                  build/stm32f7xx_hal.o
HAL_SYSTICK_IRQHandler                            build/stm32f7xx_hal_cortex.o
HAL_SetTickFreq                                   build/stm32f7xx_hal.o
HAL_SuspendTick                                   build/stm32f7xx_hal.o
HAL_UARTEx_DisableClockStopMode                   build/stm32f7xx_hal_uart_ex.o
HAL_UARTEx_DisableStopMode                        build/stm32f7xx_hal_uart_ex.o
HAL_UARTEx_EnableClockStopMode                    build/stm32f7xx_hal_uart_ex.o
HAL_UARTEx_EnableStopMode                         build/stm32f7xx_hal_uart_ex.o
HAL_UARTEx_GetRxEventType                         build/stm32f7xx_hal_uart_ex.o
HAL_UARTEx_ReceiveToIdle                          build/stm32f7xx_hal_uart_ex.o
HAL_UARTEx_ReceiveToIdle_DMA                      build/stm32f7xx_hal_uart_ex.o
HAL_UARTEx_ReceiveToIdle_IT                       build/stm32f7xx_hal_uart_ex.o
HAL_UARTEx_RxEventCallback                        build/stm32f7xx_hal_uart.o
HAL_UARTEx_StopModeWakeUpSourceConfig             build/stm32f7xx_hal_uart_ex.o
HAL_UARTEx_WakeupCallback                         build/stm32f7xx_hal_uart.o
HAL_UART_Abort                                    build/stm32f7xx_hal_uart.o
HAL_UART_AbortCpltCallback                        build/stm32f7xx_hal_uart.o
HAL_UART_AbortReceive                             build/stm32f7xx_hal_uart.o
HAL_UART_AbortReceiveCpltCallback                 build/stm32f7xx_hal_uart.o
HAL_UART_AbortReceive_IT                          build/stm32f7xx_hal_uart.o
HAL_UART_AbortTransmit                            build/stm32f7xx_hal_uart.o
HAL_UART_AbortTransmitCpltCallback                build/stm32f7xx_hal_uart.o
HAL_UART_AbortTransmit_IT                         build/stm32f7xx_hal_uart.o
HAL_UART_Abort_IT                                 build/stm32f7xx_hal_uart.o
HAL_UART_DMAPause                                 build/stm32f7xx_hal_uart.o
HAL_UART_DMAResume                                build/stm32f7xx_hal_uart.o
HAL_UART_DMAStop                                  build/stm32f7xx_hal_uart.o
HAL_UART_DeInit                                   build/stm32f7xx_hal_uart.o
HAL_UART_DisableReceiverTimeout                   build/stm32f7xx_hal_uart.o
HAL_UART_EnableReceiverTimeout                    build/stm32f7xx_hal_uart.o
HAL_UART_ErrorCallback                            build/stm32f7xx_hal_uart.o
HAL_UART_GetError                                 build/stm32f7xx_hal_uart.o
HAL_UART_GetState                                 build/stm32f7xx_hal_uart.o
HAL_UART_IRQHandler                               build/stm32f7xx_hal_uart.o
HAL_UART_Init                                     build/stm32f7xx_hal_uart.o
HAL_UART_MspDeInit                                build/stm32f7xx_hal_msp.o
                                                  build/stm32f7xx_hal_uart.o
HAL_UART_MspInit                                  build/stm32f7xx_hal_msp.o
                                                  build/stm32f7xx_hal_uart.o
                                                  build/stm32f7xx_hal_uart_ex.o
HAL_UART_Receive                                  build/stm32f7xx_hal_uart.o
HAL_UART_Receive_DMA                              build/stm32f7xx_hal_uart.o
HAL_UART_Receive_IT                               build/stm32f7xx_hal_uart.o
HAL_UART_ReceiverTimeout_Config                   build/stm32f7xx_hal_uart.o
HAL_UART_RxCpltCallback                           build/stm32f7xx_hal_uart.o
HAL_UART_RxHalfCpltCallback                       build/stm32f7xx_hal_uart.o
HAL_UART_Transmit                                 build/stm32f7xx_hal_uart.o
HAL_UART_Transmit_DMA                             build/stm32f7xx_hal_uart.o
HAL_UART_Transmit_IT                              build/stm32f7xx_hal_uart.o
HAL_UART_TxCpltCallback                           build/stm32f7xx_hal_uart.o
HAL_UART_TxHalfCpltCallback                       build/stm32f7xx_hal_uart.o
HardFault_Handler                                 build/stm32f7xx_it.o
I2C1_ER_IRQHandler                                build/startup_stm32f767xx.o
I2C1_EV_IRQHandler                                build/startup_stm32f767xx.o
I2C2_ER_IRQHandler                                build/startup_stm32f767xx.o
I2C2_EV_IRQHandler                                build/startup_stm32f767xx.o
I2C3_ER_IRQHandler                                build/startup_stm32f767xx.o
I2C3_EV_IRQHandler                                build/startup_stm32f767xx.o
I2C4_ER_IRQHandler                                build/startup_stm32f767xx.o
I2C4_EV_IRQHandler                                build/startup_stm32f767xx.o
JPEG_IRQHandler                                   build/startup_stm32f767xx.o
LPTIM1_IRQHandler                                 build/startup_stm32f767xx.o
LTDC_ER_IRQHandler                                build/startup_stm32f767xx.o
LTDC_IRQHandler                                   build/startup_stm32f767xx.o
MDIOS_IRQHandler                                  build/startup_stm32f767xx.o
MemManage_Handler                                 build/stm32f7xx_it.o
NMI_Handler                                       build/stm32f7xx_it.o
OTG_FS_IRQHandler                                 build/startup_stm32f767xx.o
OTG_FS_WKUP_IRQHandler                            build/startup_stm32f767xx.o
OTG_HS_EP1_IN_IRQHandler                          build/startup_stm32f767xx.o
OTG_HS_EP1_OUT_IRQHandler                         build/startup_stm32f767xx.o
OTG_HS_IRQHandler                                 build/startup_stm32f767xx.o
OTG_HS_WKUP_IRQHandler                            build/startup_stm32f767xx.o
PVD_IRQHandler                                    build/startup_stm32f767xx.o
PendSV_Handler                                    build/stm32f7xx_it.o
QUADSPI_IRQHandler                                build/startup_stm32f767xx.o
RCC_IRQHandler                                    build/startup_stm32f767xx.o
RNG_IRQHandler                                    build/startup_stm32f767xx.o
RTC_Alarm_IRQHandler                              build/startup_stm32f767xx.o
RTC_WKUP_IRQHandler                               build/startup_stm32f767xx.o
Reset_Handler                                     build/startup_stm32f767xx.o
SAI1_IRQHandler                                   build/startup_stm32f767xx.o
SAI2_IRQHandler                                   build/startup_stm32f767xx.o
SDMMC1_IRQHandler                                 build/startup_stm32f767xx.o
SDMMC2_IRQHandler                                 build/startup_stm32f767xx.o
SPDIF_RX_IRQHandler                               build/startup_stm32f767xx.o
SPI1_IRQHandler                                   build/startup_stm32f767xx.o
SPI2_IRQHandler                                   build/startup_stm32f767xx.o
SPI3_IRQHandler                                   build/startup_stm32f767xx.o
SPI4_IRQHandler                                   build/startup_stm32f767xx.o
SPI5_IRQHandler                                   build/startup_stm32f767xx.o
SPI6_IRQHandler                                   build/startup_stm32f767xx.o
SVC_Handler                                       build/stm32f7xx_it.o
SysTick_Handler                                   build/stm32f7xx_it.o
SystemClock_Config                                build/main.o
SystemCoreClock                                   build/system_stm32f7xx.o
                                                  build/stm32f7xx_hal_rcc.o
                                                  build/stm32f7xx_hal_dma.o
                                                  build/stm32f7xx_hal.o
SystemCoreClockUpdate                             build/system_stm32f7xx.o
SystemInit                                        build/system_stm32f7xx.o
                                                  build/startup_stm32f767xx.o
TAMP_STAMP_IRQHandler                             build/startup_stm32f767xx.o
TIM1_BRK_TIM9_IRQHandler                          build/startup_stm32f767xx.o
TIM1_CC_IRQHandler                                build/startup_stm32f767xx.o
TIM1_TRG_COM_TIM11_IRQHandler                     build/startup_stm32f767xx.o
TIM1_UP_TIM10_IRQHandler                          build/startup_stm32f767xx.o
TIM2_IRQHandler                                   build/startup_stm32f767xx.o
TIM3_IRQHandler                                   build/startup_stm32f767xx.o
TIM4_IRQHandler                                   build/startup_stm32f767xx.o
TIM5_IRQHandler                                   build/startup_stm32f767xx.o
TIM6_DAC_IRQHandler                               build/startup_stm32f767xx.o
TIM7_IRQHandler                                   build/startup_stm32f767xx.o
TIM8_BRK_TIM12_IRQHandler                         build/startup_stm32f767xx.o
TIM8_CC_IRQHandler                                build/startup_stm32f767xx.o
TIM8_TRG_COM_TIM14_IRQHandler                     build/startup_stm32f767xx.o
TIM8_UP_TIM13_IRQHandler                          build/startup_stm32f767xx.o
TxConfig                                          build/main.o
UART4_IRQHandler                                  build/startup_stm32f767xx.o
UART5_IRQHandler                                  build/startup_stm32f767xx.o
UART7_IRQHandler                                  build/startup_stm32f767xx.o
UART8_IRQHandler                                  build/startup_stm32f767xx.o
UART_AdvFeatureConfig                             build/stm32f7xx_hal_uart.o
                                                  build/stm32f7xx_hal_uart_ex.o
UART_CheckIdleState                               build/stm32f7xx_hal_uart.o
                                                  build/stm32f7xx_hal_uart_ex.o
UART_SetConfig                                    build/stm32f7xx_hal_uart.o
                                                  build/stm32f7xx_hal_uart_ex.o
UART_Start_Receive_DMA                            build/stm32f7xx_hal_uart.o
                                                  build/stm32f7xx_hal_uart_ex.o
UART_Start_Receive_IT                             build/stm32f7xx_hal_uart.o
                                                  build/stm32f7xx_hal_uart_ex.o
UART_WaitOnFlagUntilTimeout                       build/stm32f7xx_hal_uart.o
                                                  build/stm32f7xx_hal_uart_ex.o
USART1_IRQHandler                                 build/startup_stm32f767xx.o
USART2_IRQHandler                                 build/startup_stm32f767xx.o
USART3_IRQHandler                                 build/startup_stm32f767xx.o
USART6_IRQHandler                                 build/startup_stm32f767xx.o
USB_ActivateDedicatedEndpoint                     build/stm32f7xx_ll_usb.o
USB_ActivateEndpoint                              build/stm32f7xx_ll_usb.o
                                                  build/stm32f7xx_hal_pcd.o
USB_ActivateRemoteWakeup                          build/stm32f7xx_ll_usb.o
                                                  build/stm32f7xx_hal_pcd.o
USB_ActivateSetup                                 build/stm32f7xx_ll_usb.o
                                                  build/stm32f7xx_hal_pcd.o
USB_ClearInterrupts                               build/stm32f7xx_ll_usb.o
USB_CoreInit                                      build/stm32f7xx_ll_usb.o
                                                  build/stm32f7xx_hal_pcd.o
USB_DeActivateRemoteWakeup                        build/stm32f7xx_ll_usb.o
                                                  build/stm32f7xx_hal_pcd.o
USB_DeactivateDedicatedEndpoint                   build/stm32f7xx_ll_usb.o
USB_DeactivateEndpoint                            build/stm32f7xx_ll_usb.o
                                                  build/stm32f7xx_hal_pcd.o
USB_DevConnect                                    build/stm32f7xx_ll_usb.o
                                                  build/stm32f7xx_hal_pcd.o
USB_DevDisconnect                                 build/stm32f7xx_ll_usb.o
                                                  build/stm32f7xx_hal_pcd.o
USB_DevInit                                       build/stm32f7xx_ll_usb.o
                                                  build/stm32f7xx_hal_pcd.o
USB_DisableGlobalInt                              build/stm32f7xx_ll_usb.o
                                                  build/stm32f7xx_hal_pcd.o
USB_DoPing                                        build/stm32f7xx_ll_usb.o
USB_DriveVbus                                     build/stm32f7xx_ll_usb.o
USB_EP0_OutStart                                  build/stm32f7xx_ll_usb.o
                                                  build/stm32f7xx_hal_pcd.o
USB_EPClearStall                                  build/stm32f7xx_ll_usb.o
                                                  build/stm32f7xx_hal_pcd.o
USB_EPSetStall                                    build/stm32f7xx_ll_usb.o
                                                  build/stm32f7xx_hal_pcd.o
USB_EPStartXfer                                   build/stm32f7xx_ll_usb.o
                                                  build/stm32f7xx_hal_pcd.o
USB_EPStopXfer                                    build/stm32f7xx_ll_usb.o
                                                  build/stm32f7xx_hal_pcd.o
USB_EnableGlobalInt                               build/stm32f7xx_ll_usb.o
                                                  build/stm32f7xx_hal_pcd.o
USB_FlushRxFifo                                   build/stm32f7xx_ll_usb.o
                                                  build/stm32f7xx_hal_pcd.o
USB_FlushTxFifo                                   build/stm32f7xx_ll_usb.o
                                                  build/stm32f7xx_hal_pcd.o
USB_GetCurrentFrame                               build/stm32f7xx_ll_usb.o
USB_GetDevSpeed                                   build/stm32f7xx_ll_usb.o
                                                  build/stm32f7xx_hal_pcd.o
USB_GetHostSpeed                                  build/stm32f7xx_ll_usb.o
USB_GetMode                                       build/stm32f7xx_ll_usb.o
                                                  build/stm32f7xx_hal_pcd.o
USB_HC_Halt                                       build/stm32f7xx_ll_usb.o
USB_HC_Init                                       build/stm32f7xx_ll_usb.o
USB_HC_ReadInterrupt                              build/stm32f7xx_ll_usb.o
USB_HC_StartXfer                                  build/stm32f7xx_ll_usb.o
USB_HostInit                                      build/stm32f7xx_ll_usb.o
USB_InitFSLSPClkSel                               build/stm32f7xx_ll_usb.o
USB_ReadChInterrupts                              build/stm32f7xx_ll_usb.o
USB_ReadDevAllInEpInterrupt                       build/stm32f7xx_ll_usb.o
                                                  build/stm32f7xx_hal_pcd.o
USB_ReadDevAllOutEpInterrupt                      build/stm32f7xx_ll_usb.o
                                                  build/stm32f7xx_hal_pcd.o
USB_ReadDevInEPInterrupt                          build/stm32f7xx_ll_usb.o
                                                  build/stm32f7xx_hal_pcd.o
USB_ReadDevOutEPInterrupt                         build/stm32f7xx_ll_usb.o
                                                  build/stm32f7xx_hal_pcd.o
USB_ReadInterrupts                                build/stm32f7xx_ll_usb.o
                                                  build/stm32f7xx_hal_pcd.o
USB_ReadPacket                                    build/stm32f7xx_ll_usb.o
                                                  build/stm32f7xx_hal_pcd.o
USB_ResetPort                                     build/stm32f7xx_ll_usb.o
USB_SetCurrentMode                                build/stm32f7xx_ll_usb.o
                                                  build/stm32f7xx_hal_pcd.o
USB_SetDevAddress                                 build/stm32f7xx_ll_usb.o
                                                  build/stm32f7xx_hal_pcd.o
USB_SetDevSpeed                                   build/stm32f7xx_ll_usb.o
USB_SetTurnaroundTime                             build/stm32f7xx_ll_usb.o
                                                  build/stm32f7xx_hal_pcd.o
USB_StopDevice                                    build/stm32f7xx_ll_usb.o
                                                  build/stm32f7xx_hal_pcd.o
USB_StopHost                                      build/stm32f7xx_ll_usb.o
USB_WritePacket                                   build/stm32f7xx_ll_usb.o
                                                  build/stm32f7xx_hal_pcd.o
UsageFault_Handler                                build/stm32f7xx_it.o
WWDG_IRQHandler                                   build/startup_stm32f767xx.o
_Min_Stack_Size                                   build/sysmem.o
__aeabi_idiv0                                     /Users/isaiah.beckermayer/Library/Application Support/Cursor/User/globalStorage/bmd.stm32-for-vscode/@xpack-dev-tools/arm-none-eabi-gcc/13.2.1-1.1.1/.content/bin/../lib/gcc/arm-none-eabi/13.2.1/thumb/v7e-m+dp/hard/libgcc.a(_dvmd_tls.o)
__aeabi_ldiv0                                     /Users/isaiah.beckermayer/Library/Application Support/Cursor/User/globalStorage/bmd.stm32-for-vscode/@xpack-dev-tools/arm-none-eabi-gcc/13.2.1-1.1.1/.content/bin/../lib/gcc/arm-none-eabi/13.2.1/thumb/v7e-m+dp/hard/libgcc.a(_dvmd_tls.o)
                                                  /Users/isaiah.beckermayer/Library/Application Support/Cursor/User/globalStorage/bmd.stm32-for-vscode/@xpack-dev-tools/arm-none-eabi-gcc/13.2.1-1.1.1/.content/bin/../lib/gcc/arm-none-eabi/13.2.1/thumb/v7e-m+dp/hard/libgcc.a(_aeabi_uldivmod.o)
__aeabi_uldivmod                                  /Users/isaiah.beckermayer/Library/Application Support/Cursor/User/globalStorage/bmd.stm32-for-vscode/@xpack-dev-tools/arm-none-eabi-gcc/13.2.1-1.1.1/.content/bin/../lib/gcc/arm-none-eabi/13.2.1/thumb/v7e-m+dp/hard/libgcc.a(_aeabi_uldivmod.o)
                                                  build/stm32f7xx_hal_rcc.o
__atexit                                          /Users/isaiah.beckermayer/Library/Application Support/Cursor/User/globalStorage/bmd.stm32-for-vscode/@xpack-dev-tools/arm-none-eabi-gcc/13.2.1-1.1.1/.content/bin/../lib/gcc/arm-none-eabi/13.2.1/../../../../arm-none-eabi/lib/thumb/v7e-m+dp/hard/libc_nano.a(libc_a-__call_atexit.o)
                                                  /Users/isaiah.beckermayer/Library/Application Support/Cursor/User/globalStorage/bmd.stm32-for-vscode/@xpack-dev-tools/arm-none-eabi-gcc/13.2.1-1.1.1/.content/bin/../lib/gcc/arm-none-eabi/13.2.1/../../../../arm-none-eabi/lib/thumb/v7e-m+dp/hard/libc_nano.a(libc_a-__atexit.o)
__atexit0                                         /Users/isaiah.beckermayer/Library/Application Support/Cursor/User/globalStorage/bmd.stm32-for-vscode/@xpack-dev-tools/arm-none-eabi-gcc/13.2.1-1.1.1/.content/bin/../lib/gcc/arm-none-eabi/13.2.1/../../../../arm-none-eabi/lib/thumb/v7e-m+dp/hard/libc_nano.a(libc_a-__atexit.o)
__atexit_dummy                                    /Users/isaiah.beckermayer/Library/Application Support/Cursor/User/globalStorage/bmd.stm32-for-vscode/@xpack-dev-tools/arm-none-eabi-gcc/13.2.1-1.1.1/.content/bin/../lib/gcc/arm-none-eabi/13.2.1/../../../../arm-none-eabi/lib/thumb/v7e-m+dp/hard/libc_nano.a(libc_a-__atexit.o)
__atexit_recursive_mutex                          /Users/isaiah.beckermayer/Library/Application Support/Cursor/User/globalStorage/bmd.stm32-for-vscode/@xpack-dev-tools/arm-none-eabi-gcc/13.2.1-1.1.1/.content/bin/../lib/gcc/arm-none-eabi/13.2.1/../../../../arm-none-eabi/lib/thumb/v7e-m+dp/hard/libc_nano.a(libc_a-__call_atexit.o)
                                                  /Users/isaiah.beckermayer/Library/Application Support/Cursor/User/globalStorage/bmd.stm32-for-vscode/@xpack-dev-tools/arm-none-eabi-gcc/13.2.1-1.1.1/.content/bin/../lib/gcc/arm-none-eabi/13.2.1/../../../../arm-none-eabi/lib/thumb/v7e-m+dp/hard/libc_nano.a(libc_a-__atexit.o)
__bss_end__                                       /Users/isaiah.beckermayer/Library/Application Support/Cursor/User/globalStorage/bmd.stm32-for-vscode/@xpack-dev-tools/arm-none-eabi-gcc/13.2.1-1.1.1/.content/bin/../lib/gcc/arm-none-eabi/13.2.1/../../../../arm-none-eabi/lib/thumb/v7e-m+dp/hard/crt0.o
__bss_start__                                     /Users/isaiah.beckermayer/Library/Application Support/Cursor/User/globalStorage/bmd.stm32-for-vscode/@xpack-dev-tools/arm-none-eabi-gcc/13.2.1-1.1.1/.content/bin/../lib/gcc/arm-none-eabi/13.2.1/../../../../arm-none-eabi/lib/thumb/v7e-m+dp/hard/crt0.o
__call_exitprocs                                  /Users/isaiah.beckermayer/Library/Application Support/Cursor/User/globalStorage/bmd.stm32-for-vscode/@xpack-dev-tools/arm-none-eabi-gcc/13.2.1-1.1.1/.content/bin/../lib/gcc/arm-none-eabi/13.2.1/../../../../arm-none-eabi/lib/thumb/v7e-m+dp/hard/libc_nano.a(libc_a-__call_atexit.o)
                                                  /Users/isaiah.beckermayer/Library/Application Support/Cursor/User/globalStorage/bmd.stm32-for-vscode/@xpack-dev-tools/arm-none-eabi-gcc/13.2.1-1.1.1/.content/bin/../lib/gcc/arm-none-eabi/13.2.1/../../../../arm-none-eabi/lib/thumb/v7e-m+dp/hard/libc_nano.a(libc_a-__atexit.o)
                                                  /Users/isaiah.beckermayer/Library/Application Support/Cursor/User/globalStorage/bmd.stm32-for-vscode/@xpack-dev-tools/arm-none-eabi-gcc/13.2.1-1.1.1/.content/bin/../lib/gcc/arm-none-eabi/13.2.1/../../../../arm-none-eabi/lib/thumb/v7e-m+dp/hard/libc_nano.a(libc_a-exit.o)
__deregister_frame_info                           /Users/isaiah.beckermayer/Library/Application Support/Cursor/User/globalStorage/bmd.stm32-for-vscode/@xpack-dev-tools/arm-none-eabi-gcc/13.2.1-1.1.1/.content/bin/../lib/gcc/arm-none-eabi/13.2.1/thumb/v7e-m+dp/hard/crtbegin.o
__dso_handle                                      /Users/isaiah.beckermayer/Library/Application Support/Cursor/User/globalStorage/bmd.stm32-for-vscode/@xpack-dev-tools/arm-none-eabi-gcc/13.2.1-1.1.1/.content/bin/../lib/gcc/arm-none-eabi/13.2.1/thumb/v7e-m+dp/hard/crtbegin.o
__env                                             build/syscalls.o
__errno                                           /Users/isaiah.beckermayer/Library/Application Support/Cursor/User/globalStorage/bmd.stm32-for-vscode/@xpack-dev-tools/arm-none-eabi-gcc/13.2.1-1.1.1/.content/bin/../lib/gcc/arm-none-eabi/13.2.1/../../../../arm-none-eabi/lib/thumb/v7e-m+dp/hard/libc_nano.a(libc_a-errno.o)
                                                  build/sysmem.o
                                                  build/syscalls.o
__fini_array_end                                  /Users/isaiah.beckermayer/Library/Application Support/Cursor/User/globalStorage/bmd.stm32-for-vscode/@xpack-dev-tools/arm-none-eabi-gcc/13.2.1-1.1.1/.content/bin/../lib/gcc/arm-none-eabi/13.2.1/../../../../arm-none-eabi/lib/thumb/v7e-m+dp/hard/libc_nano.a(libc_a-fini.o)
__fini_array_start                                /Users/isaiah.beckermayer/Library/Application Support/Cursor/User/globalStorage/bmd.stm32-for-vscode/@xpack-dev-tools/arm-none-eabi-gcc/13.2.1-1.1.1/.content/bin/../lib/gcc/arm-none-eabi/13.2.1/../../../../arm-none-eabi/lib/thumb/v7e-m+dp/hard/libc_nano.a(libc_a-fini.o)
__fp_lock_all                                     /Users/isaiah.beckermayer/Library/Application Support/Cursor/User/globalStorage/bmd.stm32-for-vscode/@xpack-dev-tools/arm-none-eabi-gcc/13.2.1-1.1.1/.content/bin/../lib/gcc/arm-none-eabi/13.2.1/../../../../arm-none-eabi/lib/thumb/v7e-m+dp/hard/libc_nano.a(libc_a-findfp.o)
__fp_unlock_all                                   /Users/isaiah.beckermayer/Library/Application Support/Cursor/User/globalStorage/bmd.stm32-for-vscode/@xpack-dev-tools/arm-none-eabi-gcc/13.2.1-1.1.1/.content/bin/../lib/gcc/arm-none-eabi/13.2.1/../../../../arm-none-eabi/lib/thumb/v7e-m+dp/hard/libc_nano.a(libc_a-findfp.o)
__init_array_end                                  /Users/isaiah.beckermayer/Library/Application Support/Cursor/User/globalStorage/bmd.stm32-for-vscode/@xpack-dev-tools/arm-none-eabi-gcc/13.2.1-1.1.1/.content/bin/../lib/gcc/arm-none-eabi/13.2.1/../../../../arm-none-eabi/lib/thumb/v7e-m+dp/hard/libc_nano.a(libc_a-init.o)
__init_array_start                                /Users/isaiah.beckermayer/Library/Application Support/Cursor/User/globalStorage/bmd.stm32-for-vscode/@xpack-dev-tools/arm-none-eabi-gcc/13.2.1-1.1.1/.content/bin/../lib/gcc/arm-none-eabi/13.2.1/../../../../arm-none-eabi/lib/thumb/v7e-m+dp/hard/libc_nano.a(libc_a-init.o)
__io_getchar                                      build/syscalls.o
__io_putchar                                      build/syscalls.o
__libc_fini_array                                 /Users/isaiah.beckermayer/Library/Application Support/Cursor/User/globalStorage/bmd.stm32-for-vscode/@xpack-dev-tools/arm-none-eabi-gcc/13.2.1-1.1.1/.content/bin/../lib/gcc/arm-none-eabi/13.2.1/../../../../arm-none-eabi/lib/thumb/v7e-m+dp/hard/libc_nano.a(libc_a-fini.o)
                                                  /Users/isaiah.beckermayer/Library/Application Support/Cursor/User/globalStorage/bmd.stm32-for-vscode/@xpack-dev-tools/arm-none-eabi-gcc/13.2.1-1.1.1/.content/bin/../lib/gcc/arm-none-eabi/13.2.1/../../../../arm-none-eabi/lib/thumb/v7e-m+dp/hard/crt0.o
__libc_init_array                                 /Users/isaiah.beckermayer/Library/Application Support/Cursor/User/globalStorage/bmd.stm32-for-vscode/@xpack-dev-tools/arm-none-eabi-gcc/13.2.1-1.1.1/.content/bin/../lib/gcc/arm-none-eabi/13.2.1/../../../../arm-none-eabi/lib/thumb/v7e-m+dp/hard/libc_nano.a(libc_a-init.o)
                                                  build/startup_stm32f767xx.o
                                                  /Users/isaiah.beckermayer/Library/Application Support/Cursor/User/globalStorage/bmd.stm32-for-vscode/@xpack-dev-tools/arm-none-eabi-gcc/13.2.1-1.1.1/.content/bin/../lib/gcc/arm-none-eabi/13.2.1/../../../../arm-none-eabi/lib/thumb/v7e-m+dp/hard/crt0.o
__lock___arc4random_mutex                         /Users/isaiah.beckermayer/Library/Application Support/Cursor/User/globalStorage/bmd.stm32-for-vscode/@xpack-dev-tools/arm-none-eabi-gcc/13.2.1-1.1.1/.content/bin/../lib/gcc/arm-none-eabi/13.2.1/../../../../arm-none-eabi/lib/thumb/v7e-m+dp/hard/libc_nano.a(libc_a-lock.o)
__lock___at_quick_exit_mutex                      /Users/isaiah.beckermayer/Library/Application Support/Cursor/User/globalStorage/bmd.stm32-for-vscode/@xpack-dev-tools/arm-none-eabi-gcc/13.2.1-1.1.1/.content/bin/../lib/gcc/arm-none-eabi/13.2.1/../../../../arm-none-eabi/lib/thumb/v7e-m+dp/hard/libc_nano.a(libc_a-lock.o)
__lock___atexit_recursive_mutex                   /Users/isaiah.beckermayer/Library/Application Support/Cursor/User/globalStorage/bmd.stm32-for-vscode/@xpack-dev-tools/arm-none-eabi-gcc/13.2.1-1.1.1/.content/bin/../lib/gcc/arm-none-eabi/13.2.1/../../../../arm-none-eabi/lib/thumb/v7e-m+dp/hard/libc_nano.a(libc_a-lock.o)
                                                  /Users/isaiah.beckermayer/Library/Application Support/Cursor/User/globalStorage/bmd.stm32-for-vscode/@xpack-dev-tools/arm-none-eabi-gcc/13.2.1-1.1.1/.content/bin/../lib/gcc/arm-none-eabi/13.2.1/../../../../arm-none-eabi/lib/thumb/v7e-m+dp/hard/libc_nano.a(libc_a-__call_atexit.o)
__lock___dd_hash_mutex                            /Users/isaiah.beckermayer/Library/Application Support/Cursor/User/globalStorage/bmd.stm32-for-vscode/@xpack-dev-tools/arm-none-eabi-gcc/13.2.1-1.1.1/.content/bin/../lib/gcc/arm-none-eabi/13.2.1/../../../../arm-none-eabi/lib/thumb/v7e-m+dp/hard/libc_nano.a(libc_a-lock.o)
__lock___env_recursive_mutex                      /Users/isaiah.beckermayer/Library/Application Support/Cursor/User/globalStorage/bmd.stm32-for-vscode/@xpack-dev-tools/arm-none-eabi-gcc/13.2.1-1.1.1/.content/bin/../lib/gcc/arm-none-eabi/13.2.1/../../../../arm-none-eabi/lib/thumb/v7e-m+dp/hard/libc_nano.a(libc_a-lock.o)
__lock___malloc_recursive_mutex                   /Users/isaiah.beckermayer/Library/Application Support/Cursor/User/globalStorage/bmd.stm32-for-vscode/@xpack-dev-tools/arm-none-eabi-gcc/13.2.1-1.1.1/.content/bin/../lib/gcc/arm-none-eabi/13.2.1/../../../../arm-none-eabi/lib/thumb/v7e-m+dp/hard/libc_nano.a(libc_a-lock.o)
                                                  /Users/isaiah.beckermayer/Library/Application Support/Cursor/User/globalStorage/bmd.stm32-for-vscode/@xpack-dev-tools/arm-none-eabi-gcc/13.2.1-1.1.1/.content/bin/../lib/gcc/arm-none-eabi/13.2.1/../../../../arm-none-eabi/lib/thumb/v7e-m+dp/hard/libc_nano.a(libc_a-mlock.o)
__lock___sfp_recursive_mutex                      /Users/isaiah.beckermayer/Library/Application Support/Cursor/User/globalStorage/bmd.stm32-for-vscode/@xpack-dev-tools/arm-none-eabi-gcc/13.2.1-1.1.1/.content/bin/../lib/gcc/arm-none-eabi/13.2.1/../../../../arm-none-eabi/lib/thumb/v7e-m+dp/hard/libc_nano.a(libc_a-lock.o)
                                                  /Users/isaiah.beckermayer/Library/Application Support/Cursor/User/globalStorage/bmd.stm32-for-vscode/@xpack-dev-tools/arm-none-eabi-gcc/13.2.1-1.1.1/.content/bin/../lib/gcc/arm-none-eabi/13.2.1/../../../../arm-none-eabi/lib/thumb/v7e-m+dp/hard/libc_nano.a(libc_a-findfp.o)
__lock___tz_mutex                                 /Users/isaiah.beckermayer/Library/Application Support/Cursor/User/globalStorage/bmd.stm32-for-vscode/@xpack-dev-tools/arm-none-eabi-gcc/13.2.1-1.1.1/.content/bin/../lib/gcc/arm-none-eabi/13.2.1/../../../../arm-none-eabi/lib/thumb/v7e-m+dp/hard/libc_nano.a(libc_a-lock.o)
__malloc_free_list                                /Users/isaiah.beckermayer/Library/Application Support/Cursor/User/globalStorage/bmd.stm32-for-vscode/@xpack-dev-tools/arm-none-eabi-gcc/13.2.1-1.1.1/.content/bin/../lib/gcc/arm-none-eabi/13.2.1/../../../../arm-none-eabi/lib/thumb/v7e-m+dp/hard/libc_nano.a(libc_a-mallocr.o)
                                                  /Users/isaiah.beckermayer/Library/Application Support/Cursor/User/globalStorage/bmd.stm32-for-vscode/@xpack-dev-tools/arm-none-eabi-gcc/13.2.1-1.1.1/.content/bin/../lib/gcc/arm-none-eabi/13.2.1/../../../../arm-none-eabi/lib/thumb/v7e-m+dp/hard/libc_nano.a(libc_a-freer.o)
__malloc_lock                                     /Users/isaiah.beckermayer/Library/Application Support/Cursor/User/globalStorage/bmd.stm32-for-vscode/@xpack-dev-tools/arm-none-eabi-gcc/13.2.1-1.1.1/.content/bin/../lib/gcc/arm-none-eabi/13.2.1/../../../../arm-none-eabi/lib/thumb/v7e-m+dp/hard/libc_nano.a(libc_a-mlock.o)
                                                  /Users/isaiah.beckermayer/Library/Application Support/Cursor/User/globalStorage/bmd.stm32-for-vscode/@xpack-dev-tools/arm-none-eabi-gcc/13.2.1-1.1.1/.content/bin/../lib/gcc/arm-none-eabi/13.2.1/../../../../arm-none-eabi/lib/thumb/v7e-m+dp/hard/libc_nano.a(libc_a-freer.o)
                                                  /Users/isaiah.beckermayer/Library/Application Support/Cursor/User/globalStorage/bmd.stm32-for-vscode/@xpack-dev-tools/arm-none-eabi-gcc/13.2.1-1.1.1/.content/bin/../lib/gcc/arm-none-eabi/13.2.1/../../../../arm-none-eabi/lib/thumb/v7e-m+dp/hard/libc_nano.a(libc_a-mallocr.o)
__malloc_sbrk_start                               /Users/isaiah.beckermayer/Library/Application Support/Cursor/User/globalStorage/bmd.stm32-for-vscode/@xpack-dev-tools/arm-none-eabi-gcc/13.2.1-1.1.1/.content/bin/../lib/gcc/arm-none-eabi/13.2.1/../../../../arm-none-eabi/lib/thumb/v7e-m+dp/hard/libc_nano.a(libc_a-mallocr.o)
__malloc_unlock                                   /Users/isaiah.beckermayer/Library/Application Support/Cursor/User/globalStorage/bmd.stm32-for-vscode/@xpack-dev-tools/arm-none-eabi-gcc/13.2.1-1.1.1/.content/bin/../lib/gcc/arm-none-eabi/13.2.1/../../../../arm-none-eabi/lib/thumb/v7e-m+dp/hard/libc_nano.a(libc_a-mlock.o)
                                                  /Users/isaiah.beckermayer/Library/Application Support/Cursor/User/globalStorage/bmd.stm32-for-vscode/@xpack-dev-tools/arm-none-eabi-gcc/13.2.1-1.1.1/.content/bin/../lib/gcc/arm-none-eabi/13.2.1/../../../../arm-none-eabi/lib/thumb/v7e-m+dp/hard/libc_nano.a(libc_a-freer.o)
                                                  /Users/isaiah.beckermayer/Library/Application Support/Cursor/User/globalStorage/bmd.stm32-for-vscode/@xpack-dev-tools/arm-none-eabi-gcc/13.2.1-1.1.1/.content/bin/../lib/gcc/arm-none-eabi/13.2.1/../../../../arm-none-eabi/lib/thumb/v7e-m+dp/hard/libc_nano.a(libc_a-mallocr.o)
__on_exit_args                                    /Users/isaiah.beckermayer/Library/Application Support/Cursor/User/globalStorage/bmd.stm32-for-vscode/@xpack-dev-tools/arm-none-eabi-gcc/13.2.1-1.1.1/.content/bin/../lib/gcc/arm-none-eabi/13.2.1/../../../../arm-none-eabi/lib/thumb/v7e-m+dp/hard/libc_nano.a(libc_a-__atexit.o)
__preinit_array_end                               /Users/isaiah.beckermayer/Library/Application Support/Cursor/User/globalStorage/bmd.stm32-for-vscode/@xpack-dev-tools/arm-none-eabi-gcc/13.2.1-1.1.1/.content/bin/../lib/gcc/arm-none-eabi/13.2.1/../../../../arm-none-eabi/lib/thumb/v7e-m+dp/hard/libc_nano.a(libc_a-init.o)
__preinit_array_start                             /Users/isaiah.beckermayer/Library/Application Support/Cursor/User/globalStorage/bmd.stm32-for-vscode/@xpack-dev-tools/arm-none-eabi-gcc/13.2.1-1.1.1/.content/bin/../lib/gcc/arm-none-eabi/13.2.1/../../../../arm-none-eabi/lib/thumb/v7e-m+dp/hard/libc_nano.a(libc_a-init.o)
__register_exitproc                               /Users/isaiah.beckermayer/Library/Application Support/Cursor/User/globalStorage/bmd.stm32-for-vscode/@xpack-dev-tools/arm-none-eabi-gcc/13.2.1-1.1.1/.content/bin/../lib/gcc/arm-none-eabi/13.2.1/../../../../arm-none-eabi/lib/thumb/v7e-m+dp/hard/libc_nano.a(libc_a-__atexit.o)
                                                  /Users/isaiah.beckermayer/Library/Application Support/Cursor/User/globalStorage/bmd.stm32-for-vscode/@xpack-dev-tools/arm-none-eabi-gcc/13.2.1-1.1.1/.content/bin/../lib/gcc/arm-none-eabi/13.2.1/../../../../arm-none-eabi/lib/thumb/v7e-m+dp/hard/libc_nano.a(libc_a-atexit.o)
__register_frame_info                             /Users/isaiah.beckermayer/Library/Application Support/Cursor/User/globalStorage/bmd.stm32-for-vscode/@xpack-dev-tools/arm-none-eabi-gcc/13.2.1-1.1.1/.content/bin/../lib/gcc/arm-none-eabi/13.2.1/thumb/v7e-m+dp/hard/crtbegin.o
__retarget_lock_acquire                           /Users/isaiah.beckermayer/Library/Application Support/Cursor/User/globalStorage/bmd.stm32-for-vscode/@xpack-dev-tools/arm-none-eabi-gcc/13.2.1-1.1.1/.content/bin/../lib/gcc/arm-none-eabi/13.2.1/../../../../arm-none-eabi/lib/thumb/v7e-m+dp/hard/libc_nano.a(libc_a-lock.o)
__retarget_lock_acquire_recursive                 /Users/isaiah.beckermayer/Library/Application Support/Cursor/User/globalStorage/bmd.stm32-for-vscode/@xpack-dev-tools/arm-none-eabi-gcc/13.2.1-1.1.1/.content/bin/../lib/gcc/arm-none-eabi/13.2.1/../../../../arm-none-eabi/lib/thumb/v7e-m+dp/hard/libc_nano.a(libc_a-lock.o)
                                                  /Users/isaiah.beckermayer/Library/Application Support/Cursor/User/globalStorage/bmd.stm32-for-vscode/@xpack-dev-tools/arm-none-eabi-gcc/13.2.1-1.1.1/.content/bin/../lib/gcc/arm-none-eabi/13.2.1/../../../../arm-none-eabi/lib/thumb/v7e-m+dp/hard/libc_nano.a(libc_a-mlock.o)
                                                  /Users/isaiah.beckermayer/Library/Application Support/Cursor/User/globalStorage/bmd.stm32-for-vscode/@xpack-dev-tools/arm-none-eabi-gcc/13.2.1-1.1.1/.content/bin/../lib/gcc/arm-none-eabi/13.2.1/../../../../arm-none-eabi/lib/thumb/v7e-m+dp/hard/libc_nano.a(libc_a-fflush.o)
                                                  /Users/isaiah.beckermayer/Library/Application Support/Cursor/User/globalStorage/bmd.stm32-for-vscode/@xpack-dev-tools/arm-none-eabi-gcc/13.2.1-1.1.1/.content/bin/../lib/gcc/arm-none-eabi/13.2.1/../../../../arm-none-eabi/lib/thumb/v7e-m+dp/hard/libc_nano.a(libc_a-__call_atexit.o)
                                                  /Users/isaiah.beckermayer/Library/Application Support/Cursor/User/globalStorage/bmd.stm32-for-vscode/@xpack-dev-tools/arm-none-eabi-gcc/13.2.1-1.1.1/.content/bin/../lib/gcc/arm-none-eabi/13.2.1/../../../../arm-none-eabi/lib/thumb/v7e-m+dp/hard/libc_nano.a(libc_a-__atexit.o)